Component: ARM Compiler 5.06 update 7 (build 960) Tool: armlink [4d3601]

==============================================================================

Section Cross References

    main.o(i.main) refers to bsp.o(i.bsp_init) for bsp_init
    main.o(i.main) refers to intsever.o(i.MPU6050_EXTI_Init) for MPU6050_EXTI_Init
    main.o(i.main) refers to bsp_oled.o(i.OLED_Draw_Line) for OLED_Draw_Line
    main.o(i.main) refers to bsp_key.o(i.Key1_State) for Key1_State
    main.o(i.main) refers to f2d.o(.text) for __aeabi_f2d
    main.o(i.main) refers to printfa.o(i.__0sprintf) for __2sprintf
    main.o(i.main) refers to main.o(.data) for Mid_Angle
    main.o(i.main) refers to main.o(.bss) for showbuf
    system_stm32f10x.o(i.SetSysClock) refers to system_stm32f10x.o(i.SetSysClockTo72) for SetSysClockTo72
    system_stm32f10x.o(i.SystemCoreClockUpdate) refers to system_stm32f10x.o(.data) for SystemCoreClock
    system_stm32f10x.o(i.SystemInit) refers to system_stm32f10x.o(i.SetSysClock) for SetSysClock
    startup_stm32f10x_hd.o(RESET) refers to startup_stm32f10x_hd.o(STACK) for __initial_sp
    startup_stm32f10x_hd.o(RESET) refers to startup_stm32f10x_hd.o(.text) for Reset_Handler
    startup_stm32f10x_hd.o(RESET) refers to stm32f10x_it.o(i.NMI_Handler) for NMI_Handler
    startup_stm32f10x_hd.o(RESET) refers to stm32f10x_it.o(i.HardFault_Handler) for HardFault_Handler
    startup_stm32f10x_hd.o(RESET) refers to stm32f10x_it.o(i.MemManage_Handler) for MemManage_Handler
    startup_stm32f10x_hd.o(RESET) refers to stm32f10x_it.o(i.BusFault_Handler) for BusFault_Handler
    startup_stm32f10x_hd.o(RESET) refers to stm32f10x_it.o(i.UsageFault_Handler) for UsageFault_Handler
    startup_stm32f10x_hd.o(RESET) refers to stm32f10x_it.o(i.SVC_Handler) for SVC_Handler
    startup_stm32f10x_hd.o(RESET) refers to stm32f10x_it.o(i.DebugMon_Handler) for DebugMon_Handler
    startup_stm32f10x_hd.o(RESET) refers to stm32f10x_it.o(i.PendSV_Handler) for PendSV_Handler
    startup_stm32f10x_hd.o(RESET) refers to stm32f10x_it.o(i.SysTick_Handler) for SysTick_Handler
    startup_stm32f10x_hd.o(RESET) refers to encoder.o(i.TIM3_IRQHandler) for TIM3_IRQHandler
    startup_stm32f10x_hd.o(RESET) refers to encoder.o(i.TIM4_IRQHandler) for TIM4_IRQHandler
    startup_stm32f10x_hd.o(RESET) refers to usart.o(i.USART1_IRQHandler) for USART1_IRQHandler
    startup_stm32f10x_hd.o(RESET) refers to bsp_usart2.o(i.USART2_IRQHandler) for USART2_IRQHandler
    startup_stm32f10x_hd.o(RESET) refers to app_control.o(i.EXTI15_10_IRQHandler) for EXTI15_10_IRQHandler
    startup_stm32f10x_hd.o(RESET) refers to bsp_timer.o(i.TIM6_IRQHandler) for TIM6_IRQHandler
    startup_stm32f10x_hd.o(.text) refers to system_stm32f10x.o(i.SystemInit) for SystemInit
    startup_stm32f10x_hd.o(.text) refers to entry.o(.ARM.Collect$$$$00000000) for __main
    stm32f10x_adc.o(i.ADC_DeInit) refers to stm32f10x_rcc.o(i.RCC_APB2PeriphResetCmd) for RCC_APB2PeriphResetCmd
    stm32f10x_bkp.o(i.BKP_DeInit) refers to stm32f10x_rcc.o(i.RCC_BackupResetCmd) for RCC_BackupResetCmd
    stm32f10x_can.o(i.CAN_DeInit) refers to stm32f10x_rcc.o(i.RCC_APB1PeriphResetCmd) for RCC_APB1PeriphResetCmd
    stm32f10x_can.o(i.CAN_GetITStatus) refers to stm32f10x_can.o(i.CheckITStatus) for CheckITStatus
    stm32f10x_cec.o(i.CEC_DeInit) refers to stm32f10x_rcc.o(i.RCC_APB1PeriphResetCmd) for RCC_APB1PeriphResetCmd
    stm32f10x_dac.o(i.DAC_DeInit) refers to stm32f10x_rcc.o(i.RCC_APB1PeriphResetCmd) for RCC_APB1PeriphResetCmd
    stm32f10x_flash.o(i.FLASH_EnableWriteProtection) refers to stm32f10x_flash.o(i.FLASH_WaitForLastOperation) for FLASH_WaitForLastOperation
    stm32f10x_flash.o(i.FLASH_EraseAllBank1Pages) refers to stm32f10x_flash.o(i.FLASH_WaitForLastBank1Operation) for FLASH_WaitForLastBank1Operation
    stm32f10x_flash.o(i.FLASH_EraseAllPages) refers to stm32f10x_flash.o(i.FLASH_WaitForLastOperation) for FLASH_WaitForLastOperation
    stm32f10x_flash.o(i.FLASH_EraseOptionBytes) refers to stm32f10x_flash.o(i.FLASH_GetReadOutProtectionStatus) for FLASH_GetReadOutProtectionStatus
    stm32f10x_flash.o(i.FLASH_EraseOptionBytes) refers to stm32f10x_flash.o(i.FLASH_WaitForLastOperation) for FLASH_WaitForLastOperation
    stm32f10x_flash.o(i.FLASH_ErasePage) refers to stm32f10x_flash.o(i.FLASH_WaitForLastOperation) for FLASH_WaitForLastOperation
    stm32f10x_flash.o(i.FLASH_ProgramHalfWord) refers to stm32f10x_flash.o(i.FLASH_WaitForLastOperation) for FLASH_WaitForLastOperation
    stm32f10x_flash.o(i.FLASH_ProgramOptionByteData) refers to stm32f10x_flash.o(i.FLASH_WaitForLastOperation) for FLASH_WaitForLastOperation
    stm32f10x_flash.o(i.FLASH_ProgramWord) refers to stm32f10x_flash.o(i.FLASH_WaitForLastOperation) for FLASH_WaitForLastOperation
    stm32f10x_flash.o(i.FLASH_ReadOutProtection) refers to stm32f10x_flash.o(i.FLASH_WaitForLastOperation) for FLASH_WaitForLastOperation
[...]
    angle                                    0x20000178   Data           4  filter.o(.data)
    angle_dot                                0x2000017c   Data           4  filter.o(.data)
    angle                                    0x20000180   Data           4  filter.o(.data)
    Q_bias                                   0x20000184   Data           4  filter.o(.data)
    Angle_err                                0x20000188   Data           4  filter.o(.data)
    PCt_0                                    0x2000018c   Data           4  filter.o(.data)
    PCt_1                                    0x20000190   Data           4  filter.o(.data)
    E                                        0x20000194   Data           4  filter.o(.data)
    K_0                                      0x20000198   Data           4  filter.o(.data)
    K_1                                      0x2000019c   Data           4  filter.o(.data)
    t_0                                      0x200001a0   Data           4  filter.o(.data)
    t_1                                      0x200001a4   Data           4  filter.o(.data)
    PP                                       0x200001a8   Data          16  filter.o(.data)
    angle                                    0x200001b8   Data           4  filter.o(.data)
    .data                                    0x200001bc   Section       80  kf.o(.data)
    x_hat                                    0x200001bc   Data           8  kf.o(.data)
    x_hat_minus                              0x200001c4   Data           8  kf.o(.data)
    p_hat                                    0x200001cc   Data          16  kf.o(.data)
    K                                        0x200001dc   Data           8  kf.o(.data)
    x_hat                                    0x200001e4   Data           8  kf.o(.data)
    x_hat_minus                              0x200001ec   Data           8  kf.o(.data)
    p_hat                                    0x200001f4   Data          16  kf.o(.data)
    K                                        0x20000204   Data           8  kf.o(.data)
    .data                                    0x2000020c   Section        4  errno.o(.data)
    _errno                                   0x2000020c   Data           4  errno.o(.data)
    .bss                                     0x20000210   Section       20  main.o(.bss)
    .bss                                     0x20000224   Section      512  bsp_oled.o(.bss)
    SSD1306_Buffer                           0x20000224   Data         512  bsp_oled.o(.bss)
    .bss                                     0x20000424   Section       16  inv_mpu_dmp_motion_driver.o(.bss)
    dmp                                      0x20000424   Data          16  inv_mpu_dmp_motion_driver.o(.bss)
    .bss                                     0x20000434   Section       32  kf.o(.bss)
    p_hat_minus                              0x20000434   Data          16  kf.o(.bss)
    p_hat_minus                              0x20000444   Data          16  kf.o(.bss)
    STACK                                    0x20000458   Section     1024  startup_stm32f10x_hd.o(STACK)

    Global Symbols

    Symbol Name                              Value     Ov Type        Size  Object(Section)

    BuildAttributes$$THM_ISAv4$P$D$K$B$S$PE$A:L22UL41UL21$X:L11$S22US41US21$IEEE1$IW$USESV6$~STKCKD$USESV7$~SHL$OTIME$ROPI$IEEEX$EBA8$MICROLIB$REQ8$PRES8$EABIv2 0x00000000   Number         0  anon$$obj.o ABSOLUTE
    __ARM_use_no_argv                        0x00000000   Number         0  main.o ABSOLUTE
    __use_no_errno                           0x00000000   Number         0  useno.o ABSOLUTE
    __use_no_exception_handling              0x00000000   Number         0  useno.o ABSOLUTE
    __use_no_fp                              0x00000000   Number         0  useno.o ABSOLUTE
    __use_no_heap                            0x00000000   Number         0  useno.o ABSOLUTE
    __use_no_heap_region                     0x00000000   Number         0  useno.o ABSOLUTE
    __use_no_semihosting                     0x00000000   Number         0  useno.o ABSOLUTE
    __use_no_semihosting_swi                 0x00000000   Number         0  useno.o ABSOLUTE
    __use_no_signal_handling                 0x00000000   Number         0  useno.o ABSOLUTE
    _printf_a                                0x00000000   Number         0  stubs.o ABSOLUTE
    _printf_c                                0x00000000   Number         0  stubs.o ABSOLUTE
    _printf_charcount                        0x00000000   Number         0  stubs.o ABSOLUTE
    _printf_d                                0x00000000   Number         0  stubs.o ABSOLUTE
    _printf_e                                0x00000000   Number         0  stubs.o ABSOLUTE
    _printf_f                                0x00000000   Number         0  stubs.o ABSOLUTE
    _printf_flags                            0x00000000   Number         0  stubs.o ABSOLUTE
    _printf_fp_dec                           0x00000000   Number         0  stubs.o ABSOLUTE
    _printf_fp_hex                           0x00000000   Number         0  stubs.o ABSOLUTE
    _printf_g                                0x00000000   Number         0  stubs.o ABSOLUTE
    _printf_i                                0x00000000   Number         0  stubs.o ABSOLUTE
    _printf_int_dec                          0x00000000   Number         0  stubs.o ABSOLUTE
    _printf_l                                0x00000000   Number         0  stubs.o ABSOLUTE
    _printf_lc                               0x00000000   Number         0  stubs.o ABSOLUTE
    _printf_ll                               0x00000000   Number         0  stubs.o ABSOLUTE
    _printf_lld                              0x00000000   Number         0  stubs.o ABSOLUTE
    _printf_lli                              0x00000000   Number         0  stubs.o ABSOLUTE
    _printf_llo                              0x00000000   Number         0  stubs.o ABSOLUTE
    _printf_llu                              0x00000000   Number         0  stubs.o ABSOLUTE
    _printf_llx                              0x00000000   Number         0  stubs.o ABSOLUTE
    _printf_longlong_dec                     0x00000000   Number         0  stubs.o ABSOLUTE
    _printf_longlong_hex                     0x00000000   Number         0  stubs.o ABSOLUTE
    _printf_longlong_oct                     0x00000000   Number         0  stubs.o ABSOLUTE
    _printf_ls                               0x00000000   Number         0  stubs.o ABSOLUTE
    _printf_mbtowc                           0x00000000   Number         0  stubs.o ABSOLUTE
    _printf_n                                0x00000000   Number         0  stubs.o ABSOLUTE
    _printf_o                                0x00000000   Number         0  stubs.o ABSOLUTE
    _printf_p                                0x00000000   Number         0  stubs.o ABSOLUTE
    _printf_percent                          0x00000000   Number         0  stubs.o ABSOLUTE
    _printf_pre_padding                      0x00000000   Number         0  stubs.o ABSOLUTE
    _printf_return_value                     0x00000000   Number         0  stubs.o ABSOLUTE
    _printf_s                                0x00000000   Number         0  stubs.o ABSOLUTE
    _printf_sizespec                         0x00000000   Number         0  stubs.o ABSOLUTE
    _printf_str                              0x00000000   Number         0  stubs.o ABSOLUTE
    _printf_truncate_signed                  0x00000000   Number         0  stubs.o ABSOLUTE
    _printf_truncate_unsigned                0x00000000   Number         0  stubs.o ABSOLUTE
    _printf_u                                0x00000000   Number         0  stubs.o ABSOLUTE
    _printf_wc                               0x00000000   Number         0  stubs.o ABSOLUTE
    _printf_wctomb                           0x00000000   Number         0  stubs.o ABSOLUTE
    _printf_widthprec                        0x00000000   Number         0  stubs.o ABSOLUTE
    _printf_x                                0x00000000   Number         0  stubs.o ABSOLUTE
    __arm_fini_                               - Undefined Weak Reference
    __cpp_initialize__aeabi_                  - Undefined Weak Reference
    __cxa_finalize                            - Undefined Weak Reference
    _clock_init                               - Undefined Weak Reference
    _microlib_exit                            - Undefined Weak Reference
    __Vectors_Size                           0x00000130   Number         0  startup_stm32f10x_hd.o ABSOLUTE
    __Vectors                                0x08000000   Data           4  startup_stm32f10x_hd.o(RESET)
    __Vectors_End                            0x08000130   Data           0  startup_stm32f10x_hd.o(RESET)
    __main                                   0x08000131   Thumb Code     0  entry.o(.ARM.Collect$$$$00000000)
    _main_stk                                0x08000131   Thumb Code     0  entry2.o(.ARM.Collect$$$$00000001)
    _main_scatterload                        0x08000135   Thumb Code     0  entry5.o(.ARM.Collect$$$$00000004)
    __main_after_scatterload                 0x08000139   Thumb Code     0  entry5.o(.ARM.Collect$$$$00000004)
    _main_clock                              0x08000139   Thumb Code     0  entry7b.o(.ARM.Collect$$$$00000008)
    _main_cpp_init                           0x08000139   Thumb Code     0  entry8b.o(.ARM.Collect$$$$0000000A)
    _main_init                               0x08000139   Thumb Code     0  entry9a.o(.ARM.Collect$$$$0000000B)
    __rt_lib_shutdown_fini                   0x08000141   Thumb Code     0  entry12b.o(.ARM.Collect$$$$0000000E)
    __rt_final_cpp                           0x08000145   Thumb Code     0  entry10a.o(.ARM.Collect$$$$0000000F)
    __rt_final_exit                          0x08000145   Thumb Code     0  entry11a.o(.ARM.Collect$$$$00000011)
    Reset_Handler                            0x08000149   Thumb Code     8  startup_stm32f10x_hd.o(.text)
    ADC1_2_IRQHandler                        0x08000163   Thumb Code     0  startup_stm32f10x_hd.o(.text)
    ADC3_IRQHandler                          0x08000163   Thumb Code     0  startup_stm32f10x_hd.o(.text)
    CAN1_RX1_IRQHandler                      0x08000163   Thumb Code     0  startup_stm32f10x_hd.o(.text)
    CAN1_SCE_IRQHandler                      0x08000163   Thumb Code     0  startup_stm32f10x_hd.o(.text)
    DMA1_Channel1_IRQHandler                 0x08000163   Thumb Code     0  startup_stm32f10x_hd.o(.text)
    DMA1_Channel2_IRQHandler                 0x08000163   Thumb Code     0  startup_stm32f10x_hd.o(.text)
    DMA1_Channel3_IRQHandler                 0x08000163   Thumb Code     0  startup_stm32f10x_hd.o(.text)
    DMA1_Channel4_IRQHandler                 0x08000163   Thumb Code     0  startup_stm32f10x_hd.o(.text)
    DMA1_Channel5_IRQHandler                 0x08000163   Thumb Code     0  startup_stm32f10x_hd.o(.text)
    DMA1_Channel6_IRQHandler                 0x08000163   Thumb Code     0  startup_stm32f10x_hd.o(.text)
    DMA1_Channel7_IRQHandler                 0x08000163   Thumb Code     0  startup_stm32f10x_hd.o(.text)
    DMA2_Channel1_IRQHandler                 0x08000163   Thumb Code     0  startup_stm32f10x_hd.o(.text)
    DMA2_Channel2_IRQHandler                 0x08000163   Thumb Code     0  startup_stm32f10x_hd.o(.text)
    DMA2_Channel3_IRQHandler                 0x08000163   Thumb Code     0  startup_stm32f10x_hd.o(.text)
    DMA2_Channel4_5_IRQHandler               0x08000163   Thumb Code     0  startup_stm32f10x_hd.o(.text)
    EXTI0_IRQHandler                         0x08000163   Thumb Code     0  startup_stm32f10x_hd.o(.text)
    EXTI1_IRQHandler                         0x08000163   Thumb Code     0  startup_stm32f10x_hd.o(.text)
    EXTI2_IRQHandler                         0x08000163   Thumb Code     0  startup_stm32f10x_hd.o(.text)
    EXTI3_IRQHandler                         0x08000163   Thumb Code     0  startup_stm32f10x_hd.o(.text)
    EXTI4_IRQHandler                         0x08000163   Thumb Code     0  startup_stm32f10x_hd.o(.text)
    EXTI9_5_IRQHandler                       0x08000163   Thumb Code     0  startup_stm32f10x_hd.o(.text)
    FLASH_IRQHandler                         0x08000163   Thumb Code     0  startup_stm32f10x_hd.o(.text)
    FSMC_IRQHandler                          0x08000163   Thumb Code     0  startup_stm32f10x_hd.o(.text)
    I2C1_ER_IRQHandler                       0x08000163   Thumb Code     0  startup_stm32f10x_hd.o(.text)
    I2C1_EV_IRQHandler                       0x08000163   Thumb Code     0  startup_stm32f10x_hd.o(.text)
    I2C2_ER_IRQHandler                       0x08000163   Thumb Code     0  startup_stm32f10x_hd.o(.text)
    I2C2_EV_IRQHandler                       0x08000163   Thumb Code     0  startup_stm32f10x_hd.o(.text)
    PVD_IRQHandler                           0x08000163   Thumb Code     0  startup_stm32f10x_hd.o(.text)
    RCC_IRQHandler                           0x08000163   Thumb Code     0  startup_stm32f10x_hd.o(.text)
    RTCAlarm_IRQHandler                      0x08000163   Thumb Code     0  startup_stm32f10x_hd.o(.text)
    RTC_IRQHandler                           0x08000163   Thumb Code     0  startup_stm32f10x_hd.o(.text)
    SDIO_IRQHandler                          0x08000163   Thumb Code     0  startup_stm32f10x_hd.o(.text)
    SPI1_IRQHandler                          0x08000163   Thumb Code     0  startup_stm32f10x_hd.o(.text)
    SPI2_IRQHandler                          0x08000163   Thumb Code     0  startup_stm32f10x_hd.o(.text)
    SPI3_IRQHandler                          0x08000163   Thumb Code     0  startup_stm32f10x_hd.o(.text)
    TAMPER_IRQHandler                        0x08000163   Thumb Code     0  startup_stm32f10x_hd.o(.text)
    TIM1_BRK_IRQHandler                      0x08000163   Thumb Code     0  startup_stm32f10x_hd.o(.text)
    TIM1_CC_IRQHandler                       0x08000163   Thumb Code     0  startup_stm32f10x_hd.o(.text)
    TIM1_TRG_COM_IRQHandler                  0x08000163   Thumb Code     0  startup_stm32f10x_hd.o(.text)
    TIM1_UP_IRQHandler                       0x08000163   Thumb Code     0  startup_stm32f10x_hd.o(.text)
    TIM2_IRQHandler                          0x08000163   Thumb Code     0  startup_stm32f10x_hd.o(.text)
    TIM5_IRQHandler                          0x08000163   Thumb Code     0  startup_stm32f10x_hd.o(.text)
    TIM7_IRQHandler                          0x08000163   Thumb Code     0  startup_stm32f10x_hd.o(.text)
    TIM8_BRK_IRQHandler                      0x08000163   Thumb Code     0  startup_stm32f10x_hd.o(.text)
    TIM8_CC_IRQHandler                       0x08000163   Thumb Code     0  startup_stm32f10x_hd.o(.text)
    TIM8_TRG_COM_IRQHandler                  0x08000163   Thumb Code     0  startup_stm32f10x_hd.o(.text)
    TIM8_UP_IRQHandler                       0x08000163   Thumb Code     0  startup_stm32f10x_hd.o(.text)
    UART4_IRQHandler                         0x08000163   Thumb Code     0  startup_stm32f10x_hd.o(.text)
    UART5_IRQHandler                         0x08000163   Thumb Code     0  startup_stm32f10x_hd.o(.text)
    USART3_IRQHandler                        0x08000163   Thumb Code     0  startup_stm32f10x_hd.o(.text)
    USBWakeUp_IRQHandler                     0x08000163   Thumb Code     0  startup_stm32f10x_hd.o(.text)
    USB_HP_CAN1_TX_IRQHandler                0x08000163   Thumb Code     0  startup_stm32f10x_hd.o(.text)
    USB_LP_CAN1_RX0_IRQHandler               0x08000163   Thumb Code     0  startup_stm32f10x_hd.o(.text)
    WWDG_IRQHandler                          0x08000163   Thumb Code     0  startup_stm32f10x_hd.o(.text)
    __aeabi_ldivmod                          0x0800016d   Thumb Code    98  ldiv.o(.text)
    __aeabi_memset                           0x080001cf   Thumb Code    14  memseta.o(.text)
    __aeabi_memset4                          0x080001cf   Thumb Code     0  memseta.o(.text)
    __aeabi_memset8                          0x080001cf   Thumb Code     0  memseta.o(.text)
    __aeabi_memclr                           0x080001dd   Thumb Code     4  memseta.o(.text)
    __aeabi_memclr4                          0x080001dd   Thumb Code     0  memseta.o(.text)
    __aeabi_memclr8                          0x080001dd   Thumb Code     0  memseta.o(.text)
    _memset$wrapper                          0x080001e1   Thumb Code    18  memseta.o(.text)
    memcmp                                   0x080001f3   Thumb Code    26  memcmp.o(.text)
    __aeabi_fadd                             0x0800020d   Thumb Code   164  fadd.o(.text)
    __aeabi_fsub                             0x080002b1   Thumb Code     6  fadd.o(.text)
    __aeabi_frsub                            0x080002b7   Thumb Code     6  fadd.o(.text)
    __aeabi_fmul                             0x080002bd   Thumb Code   100  fmul.o(.text)
    __aeabi_fdiv                             0x08000321   Thumb Code   124  fdiv.o(.text)
    __aeabi_dadd                             0x0800039d   Thumb Code   322  dadd.o(.text)
    __aeabi_dsub                             0x080004df   Thumb Code     6  dadd.o(.text)
    __aeabi_drsub                            0x080004e5   Thumb Code     6  dadd.o(.text)
    __aeabi_dmul                             0x080004eb   Thumb Code   228  dmul.o(.text)
    __aeabi_ddiv                             0x080005cf   Thumb Code   222  ddiv.o(.text)
    __aeabi_i2f                              0x080006ad   Thumb Code    18  fflti.o(.text)
    __aeabi_ui2f                             0x080006bf   Thumb Code    10  ffltui.o(.text)
    __aeabi_f2iz                             0x080006c9   Thumb Code    50  ffixi.o(.text)
    __aeabi_f2uiz                            0x080006fb   Thumb Code    40  ffixui.o(.text)
    __aeabi_f2d                              0x08000723   Thumb Code    38  f2d.o(.text)
    __aeabi_cdcmpeq                          0x08000749   Thumb Code     0  cdcmple.o(.text)
    __aeabi_cdcmple                          0x08000749   Thumb Code    48  cdcmple.o(.text)
    __aeabi_d2f                              0x08000779   Thumb Code    56  d2f.o(.text)
    __aeabi_cfcmpeq                          0x080007b1   Thumb Code     0  cfcmple.o(.text)
    __aeabi_cfcmple                          0x080007b1   Thumb Code    20  cfcmple.o(.text)
    __aeabi_cfrcmple                         0x080007c5   Thumb Code    20  cfrcmple.o(.text)
    __aeabi_uidiv                            0x080007d9   Thumb Code     0  uidiv.o(.text)
    __aeabi_uidivmod                         0x080007d9   Thumb Code    44  uidiv.o(.text)
    __aeabi_uldivmod                         0x08000805   Thumb Code    98  uldiv.o(.text)
    __aeabi_llsl                             0x08000867   Thumb Code    30  llshl.o(.text)
    _ll_shift_l                              0x08000867   Thumb Code     0  llshl.o(.text)
    __aeabi_lasr                             0x08000885   Thumb Code    36  llsshr.o(.text)
    _ll_sshift_r                             0x08000885   Thumb Code     0  llsshr.o(.text)
    __I$use$fp                               0x080008a9   Thumb Code     0  iusefp.o(.text)
    _float_round                             0x080008a9   Thumb Code    18  fepilogue.o(.text)
    _float_epilogue                          0x080008bb   Thumb Code    92  fepilogue.o(.text)
    _double_round                            0x08000917   Thumb Code    30  depilogue.o(.text)
    _double_epilogue                         0x08000935   Thumb Code   156  depilogue.o(.text)
    __ARM_scalbn                             0x080009d1   Thumb Code    46  dscalb.o(.text)
    scalbn                                   0x080009d1   Thumb Code     0  dscalb.o(.text)
    __aeabi_d2ulz                            0x080009ff   Thumb Code    48  dfixul.o(.text)
    __aeabi_cdrcmple                         0x08000a31   Thumb Code    48  cdrcmple.o(.text)
    __scatterload                            0x08000a61   Thumb Code    28  init.o(.text)
    __scatterload_rt2                        0x08000a61   Thumb Code     0  init.o(.text)
    __aeabi_llsr                             0x08000a85   Thumb Code    32  llushr.o(.text)
    _ll_ushift_r                             0x08000a85   Thumb Code     0  llushr.o(.text)
    _dsqrt                                   0x08000aa5   Thumb Code   162  dsqrt.o(.text)
    __decompress                             0x08000b47   Thumb Code     0  __dczerorl2.o(.text)
    __decompress1                            0x08000b47   Thumb Code    86  __dczerorl2.o(.text)
    ADC_Cmd                                  0x08000b9d   Thumb Code    22  stm32f10x_adc.o(i.ADC_Cmd)
    ADC_DeInit                               0x08000bb5   Thumb Code    78  stm32f10x_adc.o(i.ADC_DeInit)
    ADC_GetCalibrationStatus                 0x08000c11   Thumb Code    20  stm32f10x_adc.o(i.ADC_GetCalibrationStatus)
    ADC_GetConversionValue                   0x08000c25   Thumb Code     8  stm32f10x_adc.o(i.ADC_GetConversionValue)
    ADC_GetFlagStatus                        0x08000c2d   Thumb Code    18  stm32f10x_adc.o(i.ADC_GetFlagStatus)
    ADC_GetResetCalibrationStatus            0x08000c3f   Thumb Code    20  stm32f10x_adc.o(i.ADC_GetResetCalibrationStatus)
    ADC_Init                                 0x08000c55   Thumb Code    70  stm32f10x_adc.o(i.ADC_Init)
    ADC_RegularChannelConfig                 0x08000ca5   Thumb Code   184  stm32f10x_adc.o(i.ADC_RegularChannelConfig)
    ADC_ResetCalibration                     0x08000d5d   Thumb Code    10  stm32f10x_adc.o(i.ADC_ResetCalibration)
    ADC_SoftwareStartConvCmd                 0x08000d67   Thumb Code    22  stm32f10x_adc.o(i.ADC_SoftwareStartConvCmd)
    ADC_StartCalibration                     0x08000d7d   Thumb Code    10  stm32f10x_adc.o(i.ADC_StartCalibration)
    BalanceCar_Motor_Init                    0x08000d89   Thumb Code    40  motor.o(i.BalanceCar_Motor_Init)
    BalanceCar_PWM_Init                      0x08000db5   Thumb Code   166  motor.o(i.BalanceCar_PWM_Init)
    Balance_PD                               0x08000e61   Thumb Code   102  pid_control.o(i.Balance_PD)
    Battery_init                             0x08000f19   Thumb Code   132  bsp_battery.o(i.Battery_init)
    BusFault_Handler                         0x08000fa5   Thumb Code     4  stm32f10x_it.o(i.BusFault_Handler)
    Complementary_Filter_x                   0x08000fa9   Thumb Code    82  filter.o(i.Complementary_Filter_x)
    Complementary_Filter_y                   0x08001009   Thumb Code    82  filter.o(i.Complementary_Filter_y)
    DMP_Init                                 0x08001069   Thumb Code   194  mpu6050.o(i.DMP_Init)
    DebugMon_Handler                         0x08001279   Thumb Code     2  stm32f10x_it.o(i.DebugMon_Handler)
    EXTI15_10_IRQHandler                     0x080012a1   Thumb Code   180  app_control.o(i.EXTI15_10_IRQHandler)
    EXTI_Init                                0x0800137d   Thumb Code   142  stm32f10x_exti.o(i.EXTI_Init)
    Encoder_Init_TIM3                        0x08001411   Thumb Code   148  encoder.o(i.Encoder_Init_TIM3)
    Encoder_Init_TIM4                        0x080014ad   Thumb Code   148  encoder.o(i.Encoder_Init_TIM4)
    GPIO_EXTILineConfig                      0x08001549   Thumb Code    60  stm32f10x_gpio.o(i.GPIO_EXTILineConfig)
    GPIO_Init                                0x08001589   Thumb Code   278  stm32f10x_gpio.o(i.GPIO_Init)
    GPIO_ReadInputDataBit                    0x0800169f   Thumb Code    18  stm32f10x_gpio.o(i.GPIO_ReadInputDataBit)
    Get_Angle                                0x080016b1   Thumb Code   920  app_control.o(i.Get_Angle)
    Get_Battery_Volotage                     0x08001a8d   Thumb Code    22  bsp_battery.o(i.Get_Battery_Volotage)
    Get_Measure_Volotage                     0x08001aa9   Thumb Code    30  bsp_battery.o(i.Get_Measure_Volotage)
    HardFault_Handler                        0x08001acd   Thumb Code     4  stm32f10x_it.o(i.HardFault_Handler)
    I2C_ReadOneByte                          0x08001ad1   Thumb Code    70  ioi2c.o(i.I2C_ReadOneByte)
    IIC_Ack                                  0x08001b19   Thumb Code    64  ioi2c.o(i.IIC_Ack)
    IIC_MPU6050_Init                         0x08001b65   Thumb Code    40  ioi2c.o(i.IIC_MPU6050_Init)
    IIC_NAck                                 0x08001b91   Thumb Code    62  ioi2c.o(i.IIC_NAck)
    IIC_Read_Byte                            0x08001bdd   Thumb Code    98  ioi2c.o(i.IIC_Read_Byte)
    IIC_Send_Byte                            0x08001c4d   Thumb Code    88  ioi2c.o(i.IIC_Send_Byte)
    IIC_Start                                0x08001cb1   Thumb Code    92  ioi2c.o(i.IIC_Start)
    IIC_Stop                                 0x08001d19   Thumb Code    60  ioi2c.o(i.IIC_Stop)
    IIC_Wait_Ack                             0x08001d61   Thumb Code    92  ioi2c.o(i.IIC_Wait_Ack)
    IICreadByte                              0x08001dc9   Thumb Code    22  ioi2c.o(i.IICreadByte)
    IICwriteBit                              0x08001ddf   Thumb Code    64  ioi2c.o(i.IICwriteBit)
    IICwriteBits                             0x08001e1f   Thumb Code   106  ioi2c.o(i.IICwriteBits)
    IICwriteByte                             0x08001e89   Thumb Code    20  ioi2c.o(i.IICwriteByte)
    IICwriteBytes                            0x08001e9d   Thumb Code    70  ioi2c.o(i.IICwriteBytes)
    JTAG_Set                                 0x08001ee5   Thumb Code    38  bsp.o(i.JTAG_Set)
    KF_X                                     0x08001f15   Thumb Code   666  kf.o(i.KF_X)
    KF_Y                                     0x080021cd   Thumb Code   666  kf.o(i.KF_Y)
    Key1_GPIO_Init                           0x08002485   Thumb Code    34  bsp_key.o(i.Key1_GPIO_Init)
    Key1_State                               0x080024ad   Thumb Code    66  bsp_key.o(i.Key1_State)
    MPU6050_EXTI_Init                        0x08002515   Thumb Code   108  intsever.o(i.MPU6050_EXTI_Init)
    MPU6050_initialize                       0x08002585   Thumb Code    40  mpu6050.o(i.MPU6050_initialize)
    MPU6050_setClockSource                   0x080025ad   Thumb Code    20  mpu6050.o(i.MPU6050_setClockSource)
    MPU6050_setFullScaleAccelRange           0x080025c1   Thumb Code    20  mpu6050.o(i.MPU6050_setFullScaleAccelRange)
    MPU6050_setFullScaleGyroRange            0x080025d5   Thumb Code    20  mpu6050.o(i.MPU6050_setFullScaleGyroRange)
    MPU6050_setI2CBypassEnabled              0x080025e9   Thumb Code    18  mpu6050.o(i.MPU6050_setI2CBypassEnabled)
    MPU6050_setI2CMasterModeEnabled          0x080025fb   Thumb Code    18  mpu6050.o(i.MPU6050_setI2CMasterModeEnabled)
    MPU6050_setSleepEnabled                  0x0800260d   Thumb Code    18  mpu6050.o(i.MPU6050_setSleepEnabled)
    MemManage_Handler                        0x0800261f   Thumb Code     4  stm32f10x_it.o(i.MemManage_Handler)
    NMI_Handler                              0x08002623   Thumb Code     2  stm32f10x_it.o(i.NMI_Handler)
    NVIC_Init                                0x08002625   Thumb Code   100  misc.o(i.NVIC_Init)
    NVIC_PriorityGroupConfig                 0x08002695   Thumb Code    10  misc.o(i.NVIC_PriorityGroupConfig)
    OLED_Clear                               0x080026a9   Thumb Code    10  bsp_oled.o(i.OLED_Clear)
    OLED_Draw_Line                           0x080026b3   Thumb Code    42  bsp_oled.o(i.OLED_Draw_Line)
    OLED_Draw_String                         0x080026dd   Thumb Code    54  bsp_oled.o(i.OLED_Draw_String)
    OLED_I2C_Init                            0x08002719   Thumb Code    24  bsp_oled_i2c.o(i.OLED_I2C_Init)
    OLED_IIC_Init                            0x08002745   Thumb Code    36  bsp_oled_i2c.o(i.OLED_IIC_Init)
    OLED_IIC_Send_Byte                       0x08002771   Thumb Code    88  bsp_oled_i2c.o(i.OLED_IIC_Send_Byte)
    OLED_IIC_Start                           0x080027d5   Thumb Code    92  bsp_oled_i2c.o(i.OLED_IIC_Start)
    OLED_IIC_Stop                            0x0800283d   Thumb Code    68  bsp_oled_i2c.o(i.OLED_IIC_Stop)
    OLED_IIC_Wait_Ack                        0x0800288d   Thumb Code    92  bsp_oled_i2c.o(i.OLED_IIC_Wait_Ack)
    OLED_Init                                0x080028f5   Thumb Code   318  bsp_oled.o(i.OLED_Init)
    OLED_Refresh                             0x08002a39   Thumb Code     8  bsp_oled.o(i.OLED_Refresh)
    OLED_i2cWrite                            0x08002a41   Thumb Code    96  bsp_oled_i2c.o(i.OLED_i2cWrite)
    PWM_Ignore                               0x08002aa1   Thumb Code    26  app_motor.o(i.PWM_Ignore)
    PWM_Limit                                0x08002abb   Thumb Code    18  app_motor.o(i.PWM_Limit)
    PendSV_Handler                           0x08002acd   Thumb Code     2  stm32f10x_it.o(i.PendSV_Handler)
    RCC_ADCCLKConfig                         0x08002ad1   Thumb Code    18  stm32f10x_rcc.o(i.RCC_ADCCLKConfig)
    RCC_APB1PeriphClockCmd                   0x08002ae9   Thumb Code    26  stm32f10x_rcc.o(i.RCC_APB1PeriphClockCmd)
    RCC_APB1PeriphResetCmd                   0x08002b09   Thumb Code    26  stm32f10x_rcc.o(i.RCC_APB1PeriphResetCmd)
    RCC_APB2PeriphClockCmd                   0x08002b29   Thumb Code    26  stm32f10x_rcc.o(i.RCC_APB2PeriphClockCmd)
    RCC_APB2PeriphResetCmd                   0x08002b49   Thumb Code    26  stm32f10x_rcc.o(i.RCC_APB2PeriphResetCmd)
    RCC_GetClocksFreq                        0x08002b69   Thumb Code   192  stm32f10x_rcc.o(i.RCC_GetClocksFreq)
    Read_DMP                                 0x08002c3d   Thumb Code   560  mpu6050.o(i.Read_DMP)
    Read_Encoder                             0x08002e99   Thumb Code    46  encoder.o(i.Read_Encoder)
    Read_Temperature                         0x08002ed1   Thumb Code   110  mpu6050.o(i.Read_Temperature)
    SSD1306_DrawPixel                        0x08002f51   Thumb Code   152  bsp_oled.o(i.SSD1306_DrawPixel)
    SSD1306_Fill                             0x08002ff1   Thumb Code    26  bsp_oled.o(i.SSD1306_Fill)
    SSD1306_GotoXY                           0x08003011   Thumb Code     8  bsp_oled.o(i.SSD1306_GotoXY)
    SSD1306_Putc                             0x0800301d   Thumb Code   164  bsp_oled.o(i.SSD1306_Putc)
    SSD1306_Puts                             0x080030c5   Thumb Code    42  bsp_oled.o(i.SSD1306_Puts)
    SSD1306_UpdateScreen                     0x080030f1   Thumb Code    68  bsp_oled.o(i.SSD1306_UpdateScreen)
    SVC_Handler                              0x08003139   Thumb Code     2  stm32f10x_it.o(i.SVC_Handler)
    Set_Pwm                                  0x08003225   Thumb Code   120  app_motor.o(i.Set_Pwm)
    SysTick_CLKSourceConfig                  0x080032a1   Thumb Code    40  misc.o(i.SysTick_CLKSourceConfig)
    SysTick_Handler                          0x080032c9   Thumb Code     2  stm32f10x_it.o(i.SysTick_Handler)
    SystemInit                               0x080032cd   Thumb Code    78  system_stm32f10x.o(i.SystemInit)
    TIM3_IRQHandler                          0x0800356d   Thumb Code    18  encoder.o(i.TIM3_IRQHandler)
    TIM4_IRQHandler                          0x08003585   Thumb Code    18  encoder.o(i.TIM4_IRQHandler)
    TIM6_IRQHandler                          0x0800359d   Thumb Code   146  bsp_timer.o(i.TIM6_IRQHandler)
    TIM6_Init                                0x08003651   Thumb Code    90  bsp_timer.o(i.TIM6_Init)
    TIM_ARRPreloadConfig                     0x080036b1   Thumb Code    24  stm32f10x_tim.o(i.TIM_ARRPreloadConfig)
    TIM_ClearFlag                            0x080036c9   Thumb Code     6  stm32f10x_tim.o(i.TIM_ClearFlag)
    TIM_ClearITPendingBit                    0x080036cf   Thumb Code     6  stm32f10x_tim.o(i.TIM_ClearITPendingBit)
    TIM_Cmd                                  0x080036d5   Thumb Code    24  stm32f10x_tim.o(i.TIM_Cmd)
    TIM_CtrlPWMOutputs                       0x080036ed   Thumb Code    30  stm32f10x_tim.o(i.TIM_CtrlPWMOutputs)
    TIM_DeInit                               0x0800370d   Thumb Code   424  stm32f10x_tim.o(i.TIM_DeInit)
    TIM_EncoderInterfaceConfig               0x080038f5   Thumb Code    66  stm32f10x_tim.o(i.TIM_EncoderInterfaceConfig)
    TIM_GetITStatus                          0x08003937   Thumb Code    34  stm32f10x_tim.o(i.TIM_GetITStatus)
    TIM_ICInit                               0x08003959   Thumb Code   150  stm32f10x_tim.o(i.TIM_ICInit)
    TIM_ICStructInit                         0x08003a05   Thumb Code    18  stm32f10x_tim.o(i.TIM_ICStructInit)
    TIM_ITConfig                             0x08003a17   Thumb Code    18  stm32f10x_tim.o(i.TIM_ITConfig)
    TIM_OC1Init                              0x08003a29   Thumb Code   132  stm32f10x_tim.o(i.TIM_OC1Init)
    TIM_OC1PreloadConfig                     0x08003ac1   Thumb Code    18  stm32f10x_tim.o(i.TIM_OC1PreloadConfig)
    TIM_OC2Init                              0x08003ad5   Thumb Code   154  stm32f10x_tim.o(i.TIM_OC2Init)
    TIM_OC2PreloadConfig                     0x08003b79   Thumb Code    26  stm32f10x_tim.o(i.TIM_OC2PreloadConfig)
    TIM_OC3Init                              0x08003b95   Thumb Code   150  stm32f10x_tim.o(i.TIM_OC3Init)
    TIM_OC3PreloadConfig                     0x08003c35   Thumb Code    18  stm32f10x_tim.o(i.TIM_OC3PreloadConfig)
    TIM_OC4Init                              0x08003c49   Thumb Code   114  stm32f10x_tim.o(i.TIM_OC4Init)
    TIM_OC4PreloadConfig                     0x08003cc5   Thumb Code    26  stm32f10x_tim.o(i.TIM_OC4PreloadConfig)
    TIM_SetCounter                           0x08003cdf   Thumb Code     4  stm32f10x_tim.o(i.TIM_SetCounter)
    TIM_SetIC1Prescaler                      0x08003ce3   Thumb Code    18  stm32f10x_tim.o(i.TIM_SetIC1Prescaler)
    TIM_SetIC2Prescaler                      0x08003cf5   Thumb Code    26  stm32f10x_tim.o(i.TIM_SetIC2Prescaler)
    TIM_SetIC3Prescaler                      0x08003d0f   Thumb Code    18  stm32f10x_tim.o(i.TIM_SetIC3Prescaler)
    TIM_SetIC4Prescaler                      0x08003d21   Thumb Code    26  stm32f10x_tim.o(i.TIM_SetIC4Prescaler)
    TIM_TimeBaseInit                         0x08003d3d   Thumb Code   122  stm32f10x_tim.o(i.TIM_TimeBaseInit)
    TIM_TimeBaseStructInit                   0x08003de1   Thumb Code    18  stm32f10x_tim.o(i.TIM_TimeBaseStructInit)
    Turn_Off                                 0x08003df5   Thumb Code    88  app_motor.o(i.Turn_Off)
    Turn_PD                                  0x08003e65   Thumb Code    92  pid_control.o(i.Turn_PD)
    USART1_IRQHandler                        0x08003ed9   Thumb Code    32  usart.o(i.USART1_IRQHandler)
    USART1_Send_U8                           0x08003efd   Thumb Code    28  usart.o(i.USART1_Send_U8)
    USART2_IRQHandler                        0x08003f1d   Thumb Code    40  bsp_usart2.o(i.USART2_IRQHandler)
    USART2_Send_U8                           0x08003f49   Thumb Code    28  bsp_usart2.o(i.USART2_Send_U8)
    USART_ClearITPendingBit                  0x08003f69   Thumb Code    30  stm32f10x_usart.o(i.USART_ClearITPendingBit)
    USART_Cmd                                0x08003f87   Thumb Code    24  stm32f10x_usart.o(i.USART_Cmd)
    USART_GetFlagStatus                      0x08003f9f   Thumb Code    26  stm32f10x_usart.o(i.USART_GetFlagStatus)
    USART_GetITStatus                        0x08003fb9   Thumb Code    84  stm32f10x_usart.o(i.USART_GetITStatus)
    USART_ITConfig                           0x0800400d   Thumb Code    74  stm32f10x_usart.o(i.USART_ITConfig)
    USART_Init                               0x08004059   Thumb Code   210  stm32f10x_usart.o(i.USART_Init)
    USART_ReceiveData                        0x08004131   Thumb Code    10  stm32f10x_usart.o(i.USART_ReceiveData)
    USART_SendData                           0x0800413b   Thumb Code     8  stm32f10x_usart.o(i.USART_SendData)
    UsageFault_Handler                       0x08004143   Thumb Code     4  stm32f10x_it.o(i.UsageFault_Handler)
    Velocity_PI                              0x08004149   Thumb Code   272  pid_control.o(i.Velocity_PI)
    __0printf                                0x0800429d   Thumb Code    22  printfa.o(i.__0printf)
    __1printf                                0x0800429d   Thumb Code     0  printfa.o(i.__0printf)
    __2printf                                0x0800429d   Thumb Code     0  printfa.o(i.__0printf)
    __c89printf                              0x0800429d   Thumb Code     0  printfa.o(i.__0printf)
    printf                                   0x0800429d   Thumb Code     0  printfa.o(i.__0printf)
    __0sprintf                               0x080042bd   Thumb Code    34  printfa.o(i.__0sprintf)
    __1sprintf                               0x080042bd   Thumb Code     0  printfa.o(i.__0sprintf)
    __2sprintf                               0x080042bd   Thumb Code     0  printfa.o(i.__0sprintf)
    __c89sprintf                             0x080042bd   Thumb Code     0  printfa.o(i.__0sprintf)
    sprintf                                  0x080042bd   Thumb Code     0  printfa.o(i.__0sprintf)
    __ARM_fpclassify                         0x080042e5   Thumb Code    40  fpclassify.o(i.__ARM_fpclassify)
    __kernel_poly                            0x0800430d   Thumb Code   170  poly.o(i.__kernel_poly)
    __mathlib_dbl_infnan                     0x080043b7   Thumb Code     6  dunder.o(i.__mathlib_dbl_infnan)
    __mathlib_dbl_infnan2                    0x080043bd   Thumb Code     4  dunder.o(i.__mathlib_dbl_infnan2)
    __mathlib_dbl_invalid                    0x080043c1   Thumb Code    12  dunder.o(i.__mathlib_dbl_invalid)
    __mathlib_dbl_underflow                  0x080043cd   Thumb Code    10  dunder.o(i.__mathlib_dbl_underflow)
    __scatterload_copy                       0x080043dd   Thumb Code    14  handlers.o(i.__scatterload_copy)
    __scatterload_null                       0x080043eb   Thumb Code     2  handlers.o(i.__scatterload_null)
    __scatterload_zeroinit                   0x080043ed   Thumb Code    14  handlers.o(i.__scatterload_zeroinit)
    __set_errno                              0x080043fd   Thumb Code     6  errno.o(i.__set_errno)
    asin                                     0x08004d45   Thumb Code   572  asin.o(i.asin)
    atan                                     0x08004fb5   Thumb Code   474  atan.o(i.atan)
    atan2                                    0x080051d5   Thumb Code   374  atan2.o(i.atan2)
    bsp_init                                 0x08005371   Thumb Code   102  bsp.o(i.bsp_init)
    cotrol_led                               0x080053d9   Thumb Code   142  bsp_timer.o(i.cotrol_led)
    delay_init                               0x080054e9   Thumb Code    60  delay.o(i.delay_init)
    delay_ms                                 0x08005535   Thumb Code    56  delay.o(i.delay_ms)
    delay_us                                 0x08005571   Thumb Code    56  delay.o(i.delay_us)
    dmp_enable_6x_lp_quat                    0x080055ad   Thumb Code    60  inv_mpu_dmp_motion_driver.o(i.dmp_enable_6x_lp_quat)
    dmp_enable_feature                       0x080055e9   Thumb Code   530  inv_mpu_dmp_motion_driver.o(i.dmp_enable_feature)
    dmp_enable_gyro_cal                      0x08005805   Thumb Code    62  inv_mpu_dmp_motion_driver.o(i.dmp_enable_gyro_cal)
    dmp_enable_lp_quat                       0x0800585d   Thumb Code    60  inv_mpu_dmp_motion_driver.o(i.dmp_enable_lp_quat)
    dmp_load_motion_driver_firmware          0x08005899   Thumb Code    20  inv_mpu_dmp_motion_driver.o(i.dmp_load_motion_driver_firmware)
    dmp_read_fifo                            0x080058b1   Thumb Code   456  inv_mpu_dmp_motion_driver.o(i.dmp_read_fifo)
    dmp_set_accel_bias                       0x08005a7d   Thumb Code   300  inv_mpu_dmp_motion_driver.o(i.dmp_set_accel_bias)
    dmp_set_fifo_rate                        0x08005bad   Thumb Code    96  inv_mpu_dmp_motion_driver.o(i.dmp_set_fifo_rate)
    dmp_set_gyro_bias                        0x08005c1d   Thumb Code   294  inv_mpu_dmp_motion_driver.o(i.dmp_set_gyro_bias)
    dmp_set_orientation                      0x08005d4d   Thumb Code   290  inv_mpu_dmp_motion_driver.o(i.dmp_set_orientation)
    dmp_set_shake_reject_thresh              0x08005e85   Thumb Code    56  inv_mpu_dmp_motion_driver.o(i.dmp_set_shake_reject_thresh)
    dmp_set_shake_reject_time                0x08005ebd   Thumb Code    38  inv_mpu_dmp_motion_driver.o(i.dmp_set_shake_reject_time)
    dmp_set_shake_reject_timeout             0x08005ee3   Thumb Code    38  inv_mpu_dmp_motion_driver.o(i.dmp_set_shake_reject_timeout)
    dmp_set_tap_axes                         0x08005f09   Thumb Code    70  inv_mpu_dmp_motion_driver.o(i.dmp_set_tap_axes)
    dmp_set_tap_count                        0x08005f4f   Thumb Code    38  inv_mpu_dmp_motion_driver.o(i.dmp_set_tap_count)
    dmp_set_tap_thresh                       0x08005f75   Thumb Code   396  inv_mpu_dmp_motion_driver.o(i.dmp_set_tap_thresh)
    dmp_set_tap_time                         0x08006115   Thumb Code    38  inv_mpu_dmp_motion_driver.o(i.dmp_set_tap_time)
    dmp_set_tap_time_multi                   0x0800613b   Thumb Code    38  inv_mpu_dmp_motion_driver.o(i.dmp_set_tap_time_multi)
    fputc                                    0x08006161   Thumb Code    24  usart.o(i.fputc)
    i2cRead                                  0x080067ad   Thumb Code   118  ioi2c.o(i.i2cRead)
    i2cWrite                                 0x08006823   Thumb Code    96  ioi2c.o(i.i2cWrite)
    init_beep                                0x08006885   Thumb Code    46  bsp_beep.o(i.init_beep)
    init_led_gpio                            0x080068bd   Thumb Code    44  bsp_led.o(i.init_led_gpio)
    main                                     0x08006969   Thumb Code    94  main.o(i.main)
    mpu_configure_fifo                       0x08006a0d   Thumb Code   106  inv_mpu.o(i.mpu_configure_fifo)
    mpu_get_accel_fsr                        0x08006a7d   Thumb Code    72  inv_mpu.o(i.mpu_get_accel_fsr)
    mpu_get_accel_sens                       0x08006ac9   Thumb Code    78  inv_mpu.o(i.mpu_get_accel_sens)
    mpu_get_fifo_config                      0x08006b1d   Thumb Code    12  inv_mpu.o(i.mpu_get_fifo_config)
    mpu_get_gyro_fsr                         0x08006b2d   Thumb Code    64  inv_mpu.o(i.mpu_get_gyro_fsr)
    mpu_get_gyro_sens                        0x08006b71   Thumb Code    58  inv_mpu.o(i.mpu_get_gyro_sens)
    mpu_get_lpf                              0x08006bc1   Thumb Code    74  inv_mpu.o(i.mpu_get_lpf)
    mpu_get_sample_rate                      0x08006c11   Thumb Code    26  inv_mpu.o(i.mpu_get_sample_rate)
    mpu_init                                 0x08006c31   Thumb Code   416  inv_mpu.o(i.mpu_init)
    mpu_load_firmware                        0x08006e21   Thumb Code   180  inv_mpu.o(i.mpu_load_firmware)
    mpu_lp_accel_mode                        0x08006ed9   Thumb Code   218  inv_mpu.o(i.mpu_lp_accel_mode)
    mpu_read_fifo_stream                     0x08006fb9   Thumb Code   186  inv_mpu.o(i.mpu_read_fifo_stream)
    mpu_read_mem                             0x08007079   Thumb Code   122  inv_mpu.o(i.mpu_read_mem)
    mpu_reset_fifo                           0x080070f9   Thumb Code   438  inv_mpu.o(i.mpu_reset_fifo)
    mpu_run_self_test                        0x080072b5   Thumb Code   278  inv_mpu.o(i.mpu_run_self_test)
    mpu_set_accel_fsr                        0x080073d1   Thumb Code   126  inv_mpu.o(i.mpu_set_accel_fsr)
    mpu_set_bypass                           0x08007455   Thumb Code   328  inv_mpu.o(i.mpu_set_bypass)
    mpu_set_dmp_state                        0x080075a1   Thumb Code   138  inv_mpu.o(i.mpu_set_dmp_state)
    mpu_set_gyro_fsr                         0x08007631   Thumb Code   132  inv_mpu.o(i.mpu_set_gyro_fsr)
    mpu_set_int_latched                      0x080076b9   Thumb Code   102  inv_mpu.o(i.mpu_set_int_latched)
    mpu_set_lpf                              0x08007725   Thumb Code   126  inv_mpu.o(i.mpu_set_lpf)
    mpu_set_sample_rate                      0x080077a9   Thumb Code   152  inv_mpu.o(i.mpu_set_sample_rate)
    mpu_set_sensors                          0x08007845   Thumb Code   202  inv_mpu.o(i.mpu_set_sensors)
    mpu_write_mem                            0x08007915   Thumb Code   122  inv_mpu.o(i.mpu_write_mem)
    mul                                      0x08007995   Thumb Code   154  kf.o(i.mul)
    myabs                                    0x08007a49   Thumb Code    14  pid_control.o(i.myabs)
    myget_ms                                 0x08007a57   Thumb Code     2  inv_mpu.o(i.myget_ms)
    power_decect                             0x08007a59   Thumb Code    64  bsp_timer.o(i.power_decect)
    sqrt                                     0x08007bcd   Thumb Code    76  sqrt.o(i.sqrt)
    ssd1306_I2C_Write                        0x08007c19   Thumb Code    20  bsp_oled.o(i.ssd1306_I2C_Write)
    ssd1306_I2C_WriteMulti                   0x08007c2d   Thumb Code    28  bsp_oled.o(i.ssd1306_I2C_WriteMulti)
    uart_init                                0x08007c49   Thumb Code   152  usart.o(i.uart_init)
    Font7x10                                 0x08007ce8   Data        1900  oled_fonts.o(.constdata)
    Font11x18                                0x08008454   Data        3420  oled_fonts.o(.constdata)
    Font16x26                                0x080091b0   Data        4940  oled_fonts.o(.constdata)
    hw                                       0x0800a4fc   Data          12  inv_mpu.o(.constdata)
    reg                                      0x0800a508   Data          27  inv_mpu.o(.constdata)
    test                                     0x0800a524   Data          40  inv_mpu.o(.constdata)
    __mathlib_zero                           0x0800b2e8   Data           8  qnan.o(.constdata)
    Region$$Table$$Base                      0x0800b340   Number         0  anon$$obj.o(Region$$Table)
    Region$$Table$$Limit                     0x0800b360   Number         0  anon$$obj.o(Region$$Table)
    GET_Angle_Way                            0x20000000   Data           1  main.o(.data)
    Angle_Balance                            0x20000004   Data           4  main.o(.data)
    Gyro_Balance                             0x20000008   Data           4  main.o(.data)
    Gyro_Turn                                0x2000000c   Data           4  main.o(.data)
    Motor_Left                               0x20000010   Data           4  main.o(.data)
    Motor_Right                              0x20000014   Data           4  main.o(.data)
    Temperature                              0x20000018   Data           4  main.o(.data)
    Acceleration_Z                           0x2000001c   Data           4  main.o(.data)
    Mid_Angle                                0x20000020   Data           4  main.o(.data)
    Move_X                                   0x20000024   Data           4  main.o(.data)
    Move_Z                                   0x20000028   Data           4  main.o(.data)
    Stop_Flag                                0x2000002c   Data           1  main.o(.data)
    SystemCoreClock                          0x20000030   Data           4  system_stm32f10x.o(.data)
    AHBPrescTable                            0x20000034   Data          16  system_stm32f10x.o(.data)
    gyro                                     0x2000005c   Data           6  mpu6050.o(.data)
    accel                                    0x20000062   Data           6  mpu6050.o(.data)
    sensors                                  0x20000068   Data           2  mpu6050.o(.data)
    Roll                                     0x2000006c   Data           4  mpu6050.o(.data)
    Pitch                                    0x20000070   Data           4  mpu6050.o(.data)
    Yaw                                      0x20000074   Data           4  mpu6050.o(.data)
    q0                                       0x20000078   Data           4  mpu6050.o(.data)
    q1                                       0x2000007c   Data           4  mpu6050.o(.data)
    q2                                       0x20000080   Data           4  mpu6050.o(.data)
    q3                                       0x20000084   Data           4  mpu6050.o(.data)
    Gx_offset                                0x20000092   Data           2  mpu6050.o(.data)
    Gy_offset                                0x20000094   Data           2  mpu6050.o(.data)
    Gz_offset                                0x20000096   Data           2  mpu6050.o(.data)
    __stdout                                 0x20000098   Data           4  usart.o(.data)
    Font_7x10                                0x200000a4   Data           8  oled_fonts.o(.data)
    Font_11x18                               0x200000ac   Data           8  oled_fonts.o(.data)
    Font_16x26                               0x200000b4   Data           8  oled_fonts.o(.data)
    led_flag                                 0x200000c4   Data           2  bsp_timer.o(.data)
    led_twinkle_count                        0x200000c6   Data           2  bsp_timer.o(.data)
    led_count                                0x200000c8   Data           2  bsp_timer.o(.data)
    lower_power_flag                         0x200000ca   Data           1  bsp_timer.o(.data)
    g_key1_long_press                        0x200000cc   Data           2  bsp_key.o(.data)
    battery                                  0x200000d0   Data           4  app_control.o(.data)
    ccd_conut                                0x200000d4   Data           1  app_control.o(.data)
    Balance_Kp                               0x200000d8   Data           4  pid_control.o(.data)
    Balance_Kd                               0x200000dc   Data           4  pid_control.o(.data)
    Velocity_Kp                              0x200000e0   Data           4  pid_control.o(.data)
    Velocity_Ki                              0x200000e4   Data           4  pid_control.o(.data)
    Turn_Kp                                  0x200000e8   Data           4  pid_control.o(.data)
    Turn_Kd                                  0x200000ec   Data           4  pid_control.o(.data)
    dt                                       0x20000138   Data           4  filter.o(.data)
    showbuf                                  0x20000210   Data          20  main.o(.bss)
    __initial_sp                             0x20000858   Data           0  startup_stm32f10x_hd.o(STACK)



==============================================================================

Memory Map of the image

  Image Entry point : 0x08000131

  Load Region LR_IROM1 (Base: 0x08000000, Size: 0x0000b570, Max: 0x00080000, ABSOLUTE, COMPRESSED[0x0000b3d8])

    Execution Region ER_IROM1 (Exec base: 0x08000000, Load base: 0x08000000, Size: 0x0000b360, Max: 0x00080000, ABSOLUTE)

    Exec Addr    Load Addr    Size         Type   Attr      Idx    E Section Name        Object

    0x08000000   0x08000000   0x00000130   Data   RO          319    RESET               startup_stm32f10x_hd.o
    0x08000130   0x08000130   0x00000000   Code   RO         4796  * .ARM.Collect$$$$00000000  mc_w.l(entry.o)
    0x08000130   0x08000130   0x00000004   Code   RO         5135    .ARM.Collect$$$$00000001  mc_w.l(entry2.o)
    0x08000134   0x08000134   0x00000004   Code   RO         5138    .ARM.Collect$$$$00000004  mc_w.l(entry5.o)
    0x08000138   0x08000138   0x00000000   Code   RO         5140    .ARM.Collect$$$$00000008  mc_w.l(entry7b.o)
    0x08000138   0x08000138   0x00000000   Code   RO         5142    .ARM.Collect$$$$0000000A  mc_w.l(entry8b.o)
    0x08000138   0x08000138   0x00000008   Code   RO         5143    .ARM.Collect$$$$0000000B  mc_w.l(entry9a.o)
    0x08000140   0x08000140   0x00000004   Code   RO         5150    .ARM.Collect$$$$0000000E  mc_w.l(entry12b.o)
    0x08000144   0x08000144   0x00000000   Code   RO         5145    .ARM.Collect$$$$0000000F  mc_w.l(entry10a.o)
    0x08000144   0x08000144   0x00000000   Code   RO         5147    .ARM.Collect$$$$00000011  mc_w.l(entry11a.o)
    0x08000144   0x08000144   0x00000004   Code   RO         5136    .ARM.Collect$$$$00002712  mc_w.l(entry2.o)
    0x08000148   0x08000148   0x00000024   Code   RO          320    .text               startup_stm32f10x_hd.o
    0x0800016c   0x0800016c   0x00000062   Code   RO         4799    .text               mc_w.l(ldiv.o)
    0x080001ce   0x080001ce   0x00000024   Code   RO         4801    .text               mc_w.l(memseta.o)
    0x080001f2   0x080001f2   0x0000001a   Code   RO         4803    .text               mc_w.l(memcmp.o)
    0x0800020c   0x0800020c   0x000000b0   Code   RO         5066    .text               mf_w.l(fadd.o)
    0x080002bc   0x080002bc   0x00000064   Code   RO         5068    .text               mf_w.l(fmul.o)
    0x08000320   0x08000320   0x0000007c   Code   RO         5070    .text               mf_w.l(fdiv.o)
    0x0800039c   0x0800039c   0x0000014e   Code   RO         5072    .text               mf_w.l(dadd.o)
    0x080004ea   0x080004ea   0x000000e4   Code   RO         5074    .text               mf_w.l(dmul.o)
    0x080005ce   0x080005ce   0x000000de   Code   RO         5076    .text               mf_w.l(ddiv.o)
    0x080006ac   0x080006ac   0x00000012   Code   RO         5078    .text               mf_w.l(fflti.o)
    0x080006be   0x080006be   0x0000000a   Code   RO         5080    .text               mf_w.l(ffltui.o)
    0x080006c8   0x080006c8   0x00000032   Code   RO         5084    .text               mf_w.l(ffixi.o)
    0x080006fa   0x080006fa   0x00000028   Code   RO         5086    .text               mf_w.l(ffixui.o)
    0x08000722   0x08000722   0x00000026   Code   RO         5088    .text               mf_w.l(f2d.o)
    0x08000748   0x08000748   0x00000030   Code   RO         5090    .text               mf_w.l(cdcmple.o)
    0x08000778   0x08000778   0x00000038   Code   RO         5092    .text               mf_w.l(d2f.o)
    0x080007b0   0x080007b0   0x00000014   Code   RO         5094    .text               mf_w.l(cfcmple.o)
    0x080007c4   0x080007c4   0x00000014   Code   RO         5096    .text               mf_w.l(cfrcmple.o)
    0x080007d8   0x080007d8   0x0000002c   Code   RO         5151    .text               mc_w.l(uidiv.o)
    0x08000804   0x08000804   0x00000062   Code   RO         5153    .text               mc_w.l(uldiv.o)
    0x08000866   0x08000866   0x0000001e   Code   RO         5155    .text               mc_w.l(llshl.o)
    0x08000884   0x08000884   0x00000024   Code   RO         5157    .text               mc_w.l(llsshr.o)
    0x080008a8   0x080008a8   0x00000000   Code   RO         5166    .text               mc_w.l(iusefp.o)
    0x080008a8   0x080008a8   0x0000006e   Code   RO         5167    .text               mf_w.l(fepilogue.o)
    0x08000916   0x08000916   0x000000ba   Code   RO         5169    .text               mf_w.l(depilogue.o)
    0x080009d0   0x080009d0   0x0000002e   Code   RO         5171    .text               mf_w.l(dscalb.o)
    0x080009fe   0x080009fe   0x00000030   Code   RO         5173    .text               mf_w.l(dfixul.o)
    0x08000a2e   0x08000a2e   0x00000002   PAD
    0x08000a30   0x08000a30   0x00000030   Code   RO         5175    .text               mf_w.l(cdrcmple.o)
    0x08000a60   0x08000a60   0x00000024   Code   RO         5177    .text               mc_w.l(init.o)
    0x08000a84   0x08000a84   0x00000020   Code   RO         5179    .text               mc_w.l(llushr.o)
    0x08000aa4   0x08000aa4   0x000000a2   Code   RO         5181    .text               mf_w.l(dsqrt.o)
    0x08000b46   0x08000b46   0x00000056   Code   RO         5191    .text               mc_w.l(__dczerorl2.o)
    0x08000b9c   0x08000b9c   0x00000016   Code   RO          366    i.ADC_Cmd           stm32f10x_adc.o
    0x08000bb2   0x08000bb2   0x00000002   PAD
    0x08000bb4   0x08000bb4   0x0000005c   Code   RO          368    i.ADC_DeInit        stm32f10x_adc.o
    0x08000c10   0x08000c10   0x00000014   Code   RO          374    i.ADC_GetCalibrationStatus  stm32f10x_adc.o
    0x08000c24   0x08000c24   0x00000008   Code   RO          375    i.ADC_GetConversionValue  stm32f10x_adc.o
    0x08000c2c   0x08000c2c   0x00000012   Code   RO          377    i.ADC_GetFlagStatus  stm32f10x_adc.o
    0x08000c3e   0x08000c3e   0x00000014   Code   RO          380    i.ADC_GetResetCalibrationStatus  stm32f10x_adc.o
    0x08000c52   0x08000c52   0x00000002   PAD
    0x08000c54   0x08000c54   0x00000050   Code   RO          384    i.ADC_Init          stm32f10x_adc.o
    0x08000ca4   0x08000ca4   0x000000b8   Code   RO          388    i.ADC_RegularChannelConfig  stm32f10x_adc.o
    0x08000d5c   0x08000d5c   0x0000000a   Code   RO          389    i.ADC_ResetCalibration  stm32f10x_adc.o
    0x08000d66   0x08000d66   0x00000016   Code   RO          391    i.ADC_SoftwareStartConvCmd  stm32f10x_adc.o
    0x08000d7c   0x08000d7c   0x0000000a   Code   RO          393    i.ADC_StartCalibration  stm32f10x_adc.o
    0x08000d86   0x08000d86   0x00000002   PAD
    0x08000d88   0x08000d88   0x0000002c   Code   RO         3474    i.BalanceCar_Motor_Init  motor.o
    0x08000db4   0x08000db4   0x000000ac   Code   RO         3475    i.BalanceCar_PWM_Init  motor.o
    0x08000e60   0x08000e60   0x00000078   Code   RO         4219    i.Balance_PD        pid_control.o
    0x08000ed8   0x08000ed8   0x00000040   Code   RO         3692    i.Battery_Get       bsp_battery.o
    0x08000f18   0x08000f18   0x0000008c   Code   RO         3694    i.Battery_init      bsp_battery.o
    0x08000fa4   0x08000fa4   0x00000004   Code   RO          209    i.BusFault_Handler  stm32f10x_it.o
    0x08000fa8   0x08000fa8   0x00000060   Code   RO         4717    i.Complementary_Filter_x  filter.o
    0x08001008   0x08001008   0x00000060   Code   RO         4718    i.Complementary_Filter_y  filter.o
    0x08001068   0x08001068   0x00000210   Code   RO         3492    i.DMP_Init          mpu6050.o
    0x08001278   0x08001278   0x00000002   Code   RO          210    i.DebugMon_Handler  stm32f10x_it.o
    0x0800127a   0x0800127a   0x00000026   Code   RO         3727    i.Delay_For_Pin     bsp_oled_i2c.o
    0x080012a0   0x080012a0   0x000000dc   Code   RO         4151    i.EXTI15_10_IRQHandler  app_control.o
    0x0800137c   0x0800137c   0x00000094   Code   RO         1127    i.EXTI_Init         stm32f10x_exti.o
    0x08001410   0x08001410   0x0000009c   Code   RO         3317    i.Encoder_Init_TIM3  encoder.o
    0x080014ac   0x080014ac   0x0000009c   Code   RO         3318    i.Encoder_Init_TIM4  encoder.o
    0x08001548   0x08001548   0x00000040   Code   RO         1472    i.GPIO_EXTILineConfig  stm32f10x_gpio.o
    0x08001588   0x08001588   0x00000116   Code   RO         1475    i.GPIO_Init         stm32f10x_gpio.o
    0x0800169e   0x0800169e   0x00000012   Code   RO         1479    i.GPIO_ReadInputDataBit  stm32f10x_gpio.o
    0x080016b0   0x080016b0   0x000003dc   Code   RO         4152    i.Get_Angle         app_control.o
    0x08001a8c   0x08001a8c   0x0000001c   Code   RO         3695    i.Get_Battery_Volotage  bsp_battery.o
    0x08001aa8   0x08001aa8   0x00000024   Code   RO         3696    i.Get_Measure_Volotage  bsp_battery.o
    0x08001acc   0x08001acc   0x00000004   Code   RO          211    i.HardFault_Handler  stm32f10x_it.o
    0x08001ad0   0x08001ad0   0x00000046   Code   RO         3363    i.I2C_ReadOneByte   ioi2c.o
    0x08001b16   0x08001b16   0x00000002   PAD
    0x08001b18   0x08001b18   0x0000004c   Code   RO         3364    i.IIC_Ack           ioi2c.o
    0x08001b64   0x08001b64   0x0000002c   Code   RO         3365    i.IIC_MPU6050_Init  ioi2c.o
    0x08001b90   0x08001b90   0x0000004c   Code   RO         3366    i.IIC_NAck          ioi2c.o
    0x08001bdc   0x08001bdc   0x00000070   Code   RO         3367    i.IIC_Read_Byte     ioi2c.o
    0x08001c4c   0x08001c4c   0x00000064   Code   RO         3368    i.IIC_Send_Byte     ioi2c.o
    0x08001cb0   0x08001cb0   0x00000068   Code   RO         3369    i.IIC_Start         ioi2c.o
    0x08001d18   0x08001d18   0x00000048   Code   RO         3370    i.IIC_Stop          ioi2c.o
    0x08001d60   0x08001d60   0x00000068   Code   RO         3371    i.IIC_Wait_Ack      ioi2c.o
    0x08001dc8   0x08001dc8   0x00000016   Code   RO         3372    i.IICreadByte       ioi2c.o
    0x08001dde   0x08001dde   0x00000040   Code   RO         3374    i.IICwriteBit       ioi2c.o
    0x08001e1e   0x08001e1e   0x0000006a   Code   RO         3375    i.IICwriteBits      ioi2c.o
    0x08001e88   0x08001e88   0x00000014   Code   RO         3376    i.IICwriteByte      ioi2c.o
    0x08001e9c   0x08001e9c   0x00000046   Code   RO         3377    i.IICwriteBytes     ioi2c.o
    0x08001ee2   0x08001ee2   0x00000002   PAD
    0x08001ee4   0x08001ee4   0x00000030   Code   RO         3653    i.JTAG_Set          bsp.o
    0x08001f14   0x08001f14   0x000002b8   Code   RO         4751    i.KF_X              kf.o
    0x080021cc   0x080021cc   0x000002b8   Code   RO         4752    i.KF_Y              kf.o
    0x08002484   0x08002484   0x00000028   Code   RO         4078    i.Key1_GPIO_Init    bsp_key.o
    0x080024ac   0x080024ac   0x0000004c   Code   RO         4080    i.Key1_State        bsp_key.o
    0x080024f8   0x080024f8   0x0000001c   Code   RO         4081    i.Key1_is_Press     bsp_key.o
    0x08002514   0x08002514   0x00000070   Code   RO         3680    i.MPU6050_EXTI_Init  intsever.o
    0x08002584   0x08002584   0x00000028   Code   RO         3494    i.MPU6050_initialize  mpu6050.o
    0x080025ac   0x080025ac   0x00000014   Code   RO         3496    i.MPU6050_setClockSource  mpu6050.o
    0x080025c0   0x080025c0   0x00000014   Code   RO         3497    i.MPU6050_setFullScaleAccelRange  mpu6050.o
    0x080025d4   0x080025d4   0x00000014   Code   RO         3498    i.MPU6050_setFullScaleGyroRange  mpu6050.o
    0x080025e8   0x080025e8   0x00000012   Code   RO         3499    i.MPU6050_setI2CBypassEnabled  mpu6050.o
    0x080025fa   0x080025fa   0x00000012   Code   RO         3500    i.MPU6050_setI2CMasterModeEnabled  mpu6050.o
    0x0800260c   0x0800260c   0x00000012   Code   RO         3501    i.MPU6050_setSleepEnabled  mpu6050.o
    0x0800261e   0x0800261e   0x00000004   Code   RO          212    i.MemManage_Handler  stm32f10x_it.o
    0x08002622   0x08002622   0x00000002   Code   RO          213    i.NMI_Handler       stm32f10x_it.o
    0x08002624   0x08002624   0x00000070   Code   RO          324    i.NVIC_Init         misc.o
    0x08002694   0x08002694   0x00000014   Code   RO          325    i.NVIC_PriorityGroupConfig  misc.o
    0x080026a8   0x080026a8   0x0000000a   Code   RO         3853    i.OLED_Clear        bsp_oled.o
    0x080026b2   0x080026b2   0x0000002a   Code   RO         3854    i.OLED_Draw_Line    bsp_oled.o
    0x080026dc   0x080026dc   0x0000003c   Code   RO         3855    i.OLED_Draw_String  bsp_oled.o
    0x08002718   0x08002718   0x0000002c   Code   RO         3728    i.OLED_I2C_Init     bsp_oled_i2c.o
    0x08002744   0x08002744   0x0000002c   Code   RO         3731    i.OLED_IIC_Init     bsp_oled_i2c.o
    0x08002770   0x08002770   0x00000064   Code   RO         3734    i.OLED_IIC_Send_Byte  bsp_oled_i2c.o
    0x080027d4   0x080027d4   0x00000068   Code   RO         3735    i.OLED_IIC_Start    bsp_oled_i2c.o
    0x0800283c   0x0800283c   0x00000050   Code   RO         3736    i.OLED_IIC_Stop     bsp_oled_i2c.o
    0x0800288c   0x0800288c   0x00000068   Code   RO         3737    i.OLED_IIC_Wait_Ack  bsp_oled_i2c.o
    0x080028f4   0x080028f4   0x00000144   Code   RO         3856    i.OLED_Init         bsp_oled.o
    0x08002a38   0x08002a38   0x00000008   Code   RO         3857    i.OLED_Refresh      bsp_oled.o
    0x08002a40   0x08002a40   0x00000060   Code   RO         3745    i.OLED_i2cWrite     bsp_oled_i2c.o
    0x08002aa0   0x08002aa0   0x0000001a   Code   RO         4177    i.PWM_Ignore        app_motor.o
    0x08002aba   0x08002aba   0x00000012   Code   RO         4178    i.PWM_Limit         app_motor.o
    0x08002acc   0x08002acc   0x00000002   Code   RO          214    i.PendSV_Handler    stm32f10x_it.o
    0x08002ace   0x08002ace   0x00000002   PAD
    0x08002ad0   0x08002ad0   0x00000018   Code   RO         1889    i.RCC_ADCCLKConfig  stm32f10x_rcc.o
    0x08002ae8   0x08002ae8   0x00000020   Code   RO         1891    i.RCC_APB1PeriphClockCmd  stm32f10x_rcc.o
    0x08002b08   0x08002b08   0x00000020   Code   RO         1892    i.RCC_APB1PeriphResetCmd  stm32f10x_rcc.o
    0x08002b28   0x08002b28   0x00000020   Code   RO         1893    i.RCC_APB2PeriphClockCmd  stm32f10x_rcc.o
    0x08002b48   0x08002b48   0x00000020   Code   RO         1894    i.RCC_APB2PeriphResetCmd  stm32f10x_rcc.o
    0x08002b68   0x08002b68   0x000000d4   Code   RO         1901    i.RCC_GetClocksFreq  stm32f10x_rcc.o
    0x08002c3c   0x08002c3c   0x0000025c   Code   RO         3503    i.Read_DMP          mpu6050.o
    0x08002e98   0x08002e98   0x00000038   Code   RO         3319    i.Read_Encoder      encoder.o
    0x08002ed0   0x08002ed0   0x00000080   Code   RO         3504    i.Read_Temperature  mpu6050.o
    0x08002f50   0x08002f50   0x000000a0   Code   RO         3860    i.SSD1306_DrawPixel  bsp_oled.o
    0x08002ff0   0x08002ff0   0x00000020   Code   RO         3862    i.SSD1306_Fill      bsp_oled.o
    0x08003010   0x08003010   0x0000000c   Code   RO         3863    i.SSD1306_GotoXY    bsp_oled.o
    0x0800301c   0x0800301c   0x000000a8   Code   RO         3866    i.SSD1306_Putc      bsp_oled.o
    0x080030c4   0x080030c4   0x0000002a   Code   RO         3867    i.SSD1306_Puts      bsp_oled.o
    0x080030ee   0x080030ee   0x00000002   PAD
    0x080030f0   0x080030f0   0x00000048   Code   RO         3869    i.SSD1306_UpdateScreen  bsp_oled.o
    0x08003138   0x08003138   0x00000002   Code   RO          215    i.SVC_Handler       stm32f10x_it.o
    0x0800313a   0x0800313a   0x00000008   Code   RO          272    i.SetSysClock       system_stm32f10x.o
    0x08003142   0x08003142   0x00000002   PAD
    0x08003144   0x08003144   0x000000e0   Code   RO          273    i.SetSysClockTo72   system_stm32f10x.o
    0x08003224   0x08003224   0x0000007c   Code   RO         4179    i.Set_Pwm           app_motor.o
    0x080032a0   0x080032a0   0x00000028   Code   RO          328    i.SysTick_CLKSourceConfig  misc.o
    0x080032c8   0x080032c8   0x00000002   Code   RO          216    i.SysTick_Handler   stm32f10x_it.o
    0x080032ca   0x080032ca   0x00000002   PAD
    0x080032cc   0x080032cc   0x00000060   Code   RO          275    i.SystemInit        system_stm32f10x.o
    0x0800332c   0x0800332c   0x00000080   Code   RO         2509    i.TI1_Config        stm32f10x_tim.o
    0x080033ac   0x080033ac   0x00000098   Code   RO         2510    i.TI2_Config        stm32f10x_tim.o
    0x08003444   0x08003444   0x00000090   Code   RO         2511    i.TI3_Config        stm32f10x_tim.o
    0x080034d4   0x080034d4   0x00000098   Code   RO         2512    i.TI4_Config        stm32f10x_tim.o
    0x0800356c   0x0800356c   0x00000018   Code   RO         3320    i.TIM3_IRQHandler   encoder.o
    0x08003584   0x08003584   0x00000018   Code   RO         3321    i.TIM4_IRQHandler   encoder.o
    0x0800359c   0x0800359c   0x000000b4   Code   RO         4028    i.TIM6_IRQHandler   bsp_timer.o
    0x08003650   0x08003650   0x00000060   Code   RO         4029    i.TIM6_Init         bsp_timer.o
    0x080036b0   0x080036b0   0x00000018   Code   RO         2513    i.TIM_ARRPreloadConfig  stm32f10x_tim.o
    0x080036c8   0x080036c8   0x00000006   Code   RO         2519    i.TIM_ClearFlag     stm32f10x_tim.o
    0x080036ce   0x080036ce   0x00000006   Code   RO         2520    i.TIM_ClearITPendingBit  stm32f10x_tim.o
    0x080036d4   0x080036d4   0x00000018   Code   RO         2525    i.TIM_Cmd           stm32f10x_tim.o
    0x080036ec   0x080036ec   0x0000001e   Code   RO         2527    i.TIM_CtrlPWMOutputs  stm32f10x_tim.o
    0x0800370a   0x0800370a   0x00000002   PAD
    0x0800370c   0x0800370c   0x000001e8   Code   RO         2530    i.TIM_DeInit        stm32f10x_tim.o
    0x080038f4   0x080038f4   0x00000042   Code   RO         2534    i.TIM_EncoderInterfaceConfig  stm32f10x_tim.o
    0x08003936   0x08003936   0x00000022   Code   RO         2546    i.TIM_GetITStatus   stm32f10x_tim.o
    0x08003958   0x08003958   0x000000ac   Code   RO         2548    i.TIM_ICInit        stm32f10x_tim.o
    0x08003a04   0x08003a04   0x00000012   Code   RO         2549    i.TIM_ICStructInit  stm32f10x_tim.o
    0x08003a16   0x08003a16   0x00000012   Code   RO         2550    i.TIM_ITConfig      stm32f10x_tim.o
    0x08003a28   0x08003a28   0x00000098   Code   RO         2554    i.TIM_OC1Init       stm32f10x_tim.o
    0x08003ac0   0x08003ac0   0x00000012   Code   RO         2557    i.TIM_OC1PreloadConfig  stm32f10x_tim.o
    0x08003ad2   0x08003ad2   0x00000002   PAD
    0x08003ad4   0x08003ad4   0x000000a4   Code   RO         2559    i.TIM_OC2Init       stm32f10x_tim.o
    0x08003b78   0x08003b78   0x0000001a   Code   RO         2562    i.TIM_OC2PreloadConfig  stm32f10x_tim.o
    0x08003b92   0x08003b92   0x00000002   PAD
    0x08003b94   0x08003b94   0x000000a0   Code   RO         2564    i.TIM_OC3Init       stm32f10x_tim.o
    0x08003c34   0x08003c34   0x00000012   Code   RO         2567    i.TIM_OC3PreloadConfig  stm32f10x_tim.o
    0x08003c46   0x08003c46   0x00000002   PAD
    0x08003c48   0x08003c48   0x0000007c   Code   RO         2569    i.TIM_OC4Init       stm32f10x_tim.o
    0x08003cc4   0x08003cc4   0x0000001a   Code   RO         2571    i.TIM_OC4PreloadConfig  stm32f10x_tim.o
    0x08003cde   0x08003cde   0x00000004   Code   RO         2590    i.TIM_SetCounter    stm32f10x_tim.o
    0x08003ce2   0x08003ce2   0x00000012   Code   RO         2591    i.TIM_SetIC1Prescaler  stm32f10x_tim.o
    0x08003cf4   0x08003cf4   0x0000001a   Code   RO         2592    i.TIM_SetIC2Prescaler  stm32f10x_tim.o
    0x08003d0e   0x08003d0e   0x00000012   Code   RO         2593    i.TIM_SetIC3Prescaler  stm32f10x_tim.o
    0x08003d20   0x08003d20   0x0000001a   Code   RO         2594    i.TIM_SetIC4Prescaler  stm32f10x_tim.o
    0x08003d3a   0x08003d3a   0x00000002   PAD
    0x08003d3c   0x08003d3c   0x000000a4   Code   RO         2596    i.TIM_TimeBaseInit  stm32f10x_tim.o
    0x08003de0   0x08003de0   0x00000012   Code   RO         2597    i.TIM_TimeBaseStructInit  stm32f10x_tim.o
    0x08003df2   0x08003df2   0x00000002   PAD
    0x08003df4   0x08003df4   0x00000070   Code   RO         4180    i.Turn_Off          app_motor.o
    0x08003e64   0x08003e64   0x00000074   Code   RO         4220    i.Turn_PD           pid_control.o
    0x08003ed8   0x08003ed8   0x00000024   Code   RO         3603    i.USART1_IRQHandler  usart.o
    0x08003efc   0x08003efc   0x00000020   Code   RO         3605    i.USART1_Send_U8    usart.o
    0x08003f1c   0x08003f1c   0x0000002c   Code   RO         4115    i.USART2_IRQHandler  bsp_usart2.o
    0x08003f48   0x08003f48   0x00000020   Code   RO         4117    i.USART2_Send_U8    bsp_usart2.o
    0x08003f68   0x08003f68   0x0000001e   Code   RO         3058    i.USART_ClearITPendingBit  stm32f10x_usart.o
    0x08003f86   0x08003f86   0x00000018   Code   RO         3061    i.USART_Cmd         stm32f10x_usart.o
    0x08003f9e   0x08003f9e   0x0000001a   Code   RO         3064    i.USART_GetFlagStatus  stm32f10x_usart.o
    0x08003fb8   0x08003fb8   0x00000054   Code   RO         3065    i.USART_GetITStatus  stm32f10x_usart.o
    0x0800400c   0x0800400c   0x0000004a   Code   RO         3067    i.USART_ITConfig    stm32f10x_usart.o
    0x08004056   0x08004056   0x00000002   PAD
    0x08004058   0x08004058   0x000000d8   Code   RO         3068    i.USART_Init        stm32f10x_usart.o
    0x08004130   0x08004130   0x0000000a   Code   RO         3075    i.USART_ReceiveData  stm32f10x_usart.o
    0x0800413a   0x0800413a   0x00000008   Code   RO         3078    i.USART_SendData    stm32f10x_usart.o
    0x08004142   0x08004142   0x00000004   Code   RO          217    i.UsageFault_Handler  stm32f10x_it.o
    0x08004146   0x08004146   0x00000002   PAD
    0x08004148   0x08004148   0x00000154   Code   RO         4221    i.Velocity_PI       pid_control.o
    0x0800429c   0x0800429c   0x00000020   Code   RO         5038    i.__0printf         mc_w.l(printfa.o)
    0x080042bc   0x080042bc   0x00000028   Code   RO         5040    i.__0sprintf        mc_w.l(printfa.o)
    0x080042e4   0x080042e4   0x00000028   Code   RO         5122    i.__ARM_fpclassify  m_ws.l(fpclassify.o)
    0x0800430c   0x0800430c   0x000000aa   Code   RO         5124    i.__kernel_poly     m_ws.l(poly.o)
    0x080043b6   0x080043b6   0x00000006   Code   RO         5109    i.__mathlib_dbl_infnan  m_ws.l(dunder.o)
    0x080043bc   0x080043bc   0x00000004   Code   RO         5110    i.__mathlib_dbl_infnan2  m_ws.l(dunder.o)
    0x080043c0   0x080043c0   0x0000000c   Code   RO         5111    i.__mathlib_dbl_invalid  m_ws.l(dunder.o)
    0x080043cc   0x080043cc   0x00000010   Code   RO         5114    i.__mathlib_dbl_underflow  m_ws.l(dunder.o)
    0x080043dc   0x080043dc   0x0000000e   Code   RO         5185    i.__scatterload_copy  mc_w.l(handlers.o)
    0x080043ea   0x080043ea   0x00000002   Code   RO         5186    i.__scatterload_null  mc_w.l(handlers.o)
    0x080043ec   0x080043ec   0x0000000e   Code   RO         5187    i.__scatterload_zeroinit  mc_w.l(handlers.o)
    0x080043fa   0x080043fa   0x00000002   PAD
    0x080043fc   0x080043fc   0x0000000c   Code   RO         5161    i.__set_errno       mc_w.l(errno.o)
    0x08004408   0x08004408   0x00000184   Code   RO         5045    i._fp_digits        mc_w.l(printfa.o)
    0x0800458c   0x0800458c   0x000006b4   Code   RO         5046    i._printf_core      mc_w.l(printfa.o)
    0x08004c40   0x08004c40   0x00000024   Code   RO         5047    i._printf_post_padding  mc_w.l(printfa.o)
    0x08004c64   0x08004c64   0x0000002e   Code   RO         5048    i._printf_pre_padding  mc_w.l(printfa.o)
    0x08004c92   0x08004c92   0x0000000a   Code   RO         5050    i._sputc            mc_w.l(printfa.o)
    0x08004c9c   0x08004c9c   0x000000a8   Code   RO         4252    i.accel_self_test   inv_mpu.o
    0x08004d44   0x08004d44   0x00000270   Code   RO         4779    i.asin              m_ws.l(asin.o)
    0x08004fb4   0x08004fb4   0x00000220   Code   RO         5099    i.atan              m_ws.l(atan.o)
    0x080051d4   0x080051d4   0x0000019c   Code   RO         4789    i.atan2             m_ws.l(atan2.o)
    0x08005370   0x08005370   0x00000066   Code   RO         3654    i.bsp_init          bsp.o
    0x080053d6   0x080053d6   0x00000002   PAD
    0x080053d8   0x080053d8   0x000000ac   Code   RO         4030    i.cotrol_led        bsp_timer.o
    0x08005484   0x08005484   0x00000064   Code   RO         4541    i.decode_gesture    inv_mpu_dmp_motion_driver.o
    0x080054e8   0x080054e8   0x0000004c   Code   RO         3291    i.delay_init        delay.o
    0x08005534   0x08005534   0x0000003c   Code   RO         3292    i.delay_ms          delay.o
    0x08005570   0x08005570   0x0000003c   Code   RO         3293    i.delay_us          delay.o
    0x080055ac   0x080055ac   0x0000003c   Code   RO         4542    i.dmp_enable_6x_lp_quat  inv_mpu_dmp_motion_driver.o
    0x080055e8   0x080055e8   0x0000021c   Code   RO         4543    i.dmp_enable_feature  inv_mpu_dmp_motion_driver.o
    0x08005804   0x08005804   0x00000058   Code   RO         4544    i.dmp_enable_gyro_cal  inv_mpu_dmp_motion_driver.o
    0x0800585c   0x0800585c   0x0000003c   Code   RO         4545    i.dmp_enable_lp_quat  inv_mpu_dmp_motion_driver.o
    0x08005898   0x08005898   0x00000018   Code   RO         4550    i.dmp_load_motion_driver_firmware  inv_mpu_dmp_motion_driver.o
    0x080058b0   0x080058b0   0x000001cc   Code   RO         4551    i.dmp_read_fifo     inv_mpu_dmp_motion_driver.o
    0x08005a7c   0x08005a7c   0x00000130   Code   RO         4554    i.dmp_set_accel_bias  inv_mpu_dmp_motion_driver.o
    0x08005bac   0x08005bac   0x00000070   Code   RO         4555    i.dmp_set_fifo_rate  inv_mpu_dmp_motion_driver.o
    0x08005c1c   0x08005c1c   0x00000130   Code   RO         4556    i.dmp_set_gyro_bias  inv_mpu_dmp_motion_driver.o
    0x08005d4c   0x08005d4c   0x00000138   Code   RO         4558    i.dmp_set_orientation  inv_mpu_dmp_motion_driver.o
    0x08005e84   0x08005e84   0x00000038   Code   RO         4561    i.dmp_set_shake_reject_thresh  inv_mpu_dmp_motion_driver.o
    0x08005ebc   0x08005ebc   0x00000026   Code   RO         4562    i.dmp_set_shake_reject_time  inv_mpu_dmp_motion_driver.o
    0x08005ee2   0x08005ee2   0x00000026   Code   RO         4563    i.dmp_set_shake_reject_timeout  inv_mpu_dmp_motion_driver.o
    0x08005f08   0x08005f08   0x00000046   Code   RO         4564    i.dmp_set_tap_axes  inv_mpu_dmp_motion_driver.o
    0x08005f4e   0x08005f4e   0x00000026   Code   RO         4565    i.dmp_set_tap_count  inv_mpu_dmp_motion_driver.o
    0x08005f74   0x08005f74   0x000001a0   Code   RO         4566    i.dmp_set_tap_thresh  inv_mpu_dmp_motion_driver.o
    0x08006114   0x08006114   0x00000026   Code   RO         4567    i.dmp_set_tap_time  inv_mpu_dmp_motion_driver.o
    0x0800613a   0x0800613a   0x00000026   Code   RO         4568    i.dmp_set_tap_time_multi  inv_mpu_dmp_motion_driver.o
    0x08006160   0x08006160   0x0000001c   Code   RO         3607    i.fputc             usart.o
    0x0800617c   0x0800617c   0x000000b4   Code   RO         4253    i.get_accel_prod_shift  inv_mpu.o
    0x08006230   0x08006230   0x0000046c   Code   RO         4254    i.get_st_biases     inv_mpu.o
    0x0800669c   0x0800669c   0x00000110   Code   RO         4255    i.gyro_self_test    inv_mpu.o
    0x080067ac   0x080067ac   0x00000076   Code   RO         3378    i.i2cRead           ioi2c.o
    0x08006822   0x08006822   0x00000060   Code   RO         3379    i.i2cWrite          ioi2c.o
    0x08006882   0x08006882   0x00000002   PAD
    0x08006884   0x08006884   0x00000038   Code   RO         3995    i.init_beep         bsp_beep.o
    0x080068bc   0x080068bc   0x00000034   Code   RO         4016    i.init_led_gpio     bsp_led.o
    0x080068f0   0x080068f0   0x00000028   Code   RO         3505    i.inv_orientation_matrix_to_scalar  mpu6050.o
    0x08006918   0x08006918   0x0000004e   Code   RO         3506    i.inv_row_2_scale   mpu6050.o
    0x08006966   0x08006966   0x00000002   PAD
    0x08006968   0x08006968   0x000000a4   Code   RO            1    i.main              main.o
    0x08006a0c   0x08006a0c   0x00000070   Code   RO         4256    i.mpu_configure_fifo  inv_mpu.o
    0x08006a7c   0x08006a7c   0x0000004c   Code   RO         4257    i.mpu_get_accel_fsr  inv_mpu.o
    0x08006ac8   0x08006ac8   0x00000054   Code   RO         4259    i.mpu_get_accel_sens  inv_mpu.o
    0x08006b1c   0x08006b1c   0x00000010   Code   RO         4264    i.mpu_get_fifo_config  inv_mpu.o
    0x08006b2c   0x08006b2c   0x00000044   Code   RO         4265    i.mpu_get_gyro_fsr  inv_mpu.o
    0x08006b70   0x08006b70   0x00000050   Code   RO         4267    i.mpu_get_gyro_sens  inv_mpu.o
    0x08006bc0   0x08006bc0   0x00000050   Code   RO         4269    i.mpu_get_lpf       inv_mpu.o
    0x08006c10   0x08006c10   0x00000020   Code   RO         4271    i.mpu_get_sample_rate  inv_mpu.o
    0x08006c30   0x08006c30   0x000001f0   Code   RO         4273    i.mpu_init          inv_mpu.o
    0x08006e20   0x08006e20   0x000000b8   Code   RO         4274    i.mpu_load_firmware  inv_mpu.o
    0x08006ed8   0x08006ed8   0x000000e0   Code   RO         4275    i.mpu_lp_accel_mode  inv_mpu.o
    0x08006fb8   0x08006fb8   0x000000c0   Code   RO         4278    i.mpu_read_fifo_stream  inv_mpu.o
    0x08007078   0x08007078   0x00000080   Code   RO         4279    i.mpu_read_mem      inv_mpu.o
    0x080070f8   0x080070f8   0x000001bc   Code   RO         4282    i.mpu_reset_fifo    inv_mpu.o
    0x080072b4   0x080072b4   0x0000011c   Code   RO         4283    i.mpu_run_self_test  inv_mpu.o
    0x080073d0   0x080073d0   0x00000084   Code   RO         4285    i.mpu_set_accel_fsr  inv_mpu.o
    0x08007454   0x08007454   0x0000014c   Code   RO         4286    i.mpu_set_bypass    inv_mpu.o
    0x080075a0   0x080075a0   0x00000090   Code   RO         4288    i.mpu_set_dmp_state  inv_mpu.o
    0x08007630   0x08007630   0x00000088   Code   RO         4289    i.mpu_set_gyro_fsr  inv_mpu.o
    0x080076b8   0x080076b8   0x0000006c   Code   RO         4290    i.mpu_set_int_latched  inv_mpu.o
    0x08007724   0x08007724   0x00000084   Code   RO         4292    i.mpu_set_lpf       inv_mpu.o
    0x080077a8   0x080077a8   0x0000009c   Code   RO         4293    i.mpu_set_sample_rate  inv_mpu.o
    0x08007844   0x08007844   0x000000d0   Code   RO         4294    i.mpu_set_sensors   inv_mpu.o
    0x08007914   0x08007914   0x00000080   Code   RO         4295    i.mpu_write_mem     inv_mpu.o
    0x08007994   0x08007994   0x000000b4   Code   RO         4753    i.mul               kf.o
    0x08007a48   0x08007a48   0x0000000e   Code   RO         4222    i.myabs             pid_control.o
    0x08007a56   0x08007a56   0x00000002   Code   RO         4296    i.myget_ms          inv_mpu.o
    0x08007a58   0x08007a58   0x00000054   Code   RO         4033    i.power_decect      bsp_timer.o
    0x08007aac   0x08007aac   0x00000090   Code   RO         3507    i.run_self_test     mpu6050.o
    0x08007b3c   0x08007b3c   0x00000090   Code   RO         4297    i.set_int_enable    inv_mpu.o
    0x08007bcc   0x08007bcc   0x0000004c   Code   RO         5128    i.sqrt              m_ws.l(sqrt.o)
    0x08007c18   0x08007c18   0x00000014   Code   RO         3870    i.ssd1306_I2C_Write  bsp_oled.o
    0x08007c2c   0x08007c2c   0x0000001c   Code   RO         3871    i.ssd1306_I2C_WriteMulti  bsp_oled.o
    0x08007c48   0x08007c48   0x000000a0   Code   RO         3608    i.uart_init         usart.o
    0x08007ce8   0x08007ce8   0x00002814   Data   RO         3979    .constdata          oled_fonts.o
    0x0800a4fc   0x0800a4fc   0x00000050   Data   RO         4298    .constdata          inv_mpu.o
    0x0800a54c   0x0800a54c   0x00000bf6   Data   RO         4570    .constdata          inv_mpu_dmp_motion_driver.o
    0x0800b142   0x0800b142   0x00000002   PAD
    0x0800b144   0x0800b144   0x000000b8   Data   RO         4755    .constdata          kf.o
    0x0800b1fc   0x0800b1fc   0x00000004   PAD
    0x0800b200   0x0800b200   0x00000050   Data   RO         4780    .constdata          m_ws.l(asin.o)
    0x0800b250   0x0800b250   0x00000098   Data   RO         5100    .constdata          m_ws.l(atan.o)
    0x0800b2e8   0x0800b2e8   0x00000008   Data   RO         5126    .constdata          m_ws.l(qnan.o)
    0x0800b2f0   0x0800b2f0   0x0000004e   Data   RO         4299    .conststring        inv_mpu.o
    0x0800b33e   0x0800b33e   0x00000002   PAD
    0x0800b340   0x0800b340   0x00000020   Data   RO         5183    Region$$Table       anon$$obj.o


    Execution Region RW_IRAM1 (Exec base: 0x20000000, Load base: 0x0800b360, Size: 0x00000858, Max: 0x00020000, ABSOLUTE, COMPRESSED[0x00000078])

    Exec Addr    Load Addr    Size         Type   Attr      Idx    E Section Name        Object

    0x20000000   COMPRESSED   0x0000002d   Data   RW            3    .data               main.o
    0x2000002d   COMPRESSED   0x00000003   PAD
    0x20000030   COMPRESSED   0x00000014   Data   RW          276    .data               system_stm32f10x.o
    0x20000044   COMPRESSED   0x00000014   Data   RW         1921    .data               stm32f10x_rcc.o
    0x20000058   COMPRESSED   0x00000004   Data   RW         3294    .data               delay.o
    0x2000005c   COMPRESSED   0x0000003c   Data   RW         3509    .data               mpu6050.o
    0x20000098   COMPRESSED   0x00000004   Data   RW         3609    .data               usart.o
    0x2000009c   COMPRESSED   0x00000006   Data   RW         3873    .data               bsp_oled.o
    0x200000a2   COMPRESSED   0x00000002   PAD
    0x200000a4   COMPRESSED   0x00000018   Data   RW         3980    .data               oled_fonts.o
    0x200000bc   COMPRESSED   0x00000010   Data   RW         4034    .data               bsp_timer.o
    0x200000cc   COMPRESSED   0x00000004   Data   RW         4082    .data               bsp_key.o
    0x200000d0   COMPRESSED   0x00000005   Data   RW         4153    .data               app_control.o
    0x200000d5   COMPRESSED   0x00000003   PAD
    0x200000d8   COMPRESSED   0x00000034   Data   RW         4223    .data               pid_control.o
    0x2000010c   COMPRESSED   0x0000002c   Data   RW         4300    .data               inv_mpu.o
    0x20000138   COMPRESSED   0x00000084   Data   RW         4722    .data               filter.o
    0x200001bc   COMPRESSED   0x00000050   Data   RW         4756    .data               kf.o
    0x2000020c   COMPRESSED   0x00000004   Data   RW         5162    .data               mc_w.l(errno.o)
    0x20000210        -       0x00000014   Zero   RW            2    .bss                main.o
    0x20000224        -       0x00000200   Zero   RW         3872    .bss                bsp_oled.o
    0x20000424        -       0x00000010   Zero   RW         4569    .bss                inv_mpu_dmp_motion_driver.o
    0x20000434        -       0x00000020   Zero   RW         4754    .bss                kf.o
    0x20000454   COMPRESSED   0x00000004   PAD
    0x20000458        -       0x00000400   Zero   RW          317    STACK               startup_stm32f10x_hd.o


==============================================================================

Image component sizes


      Code (inc. data)   RO Data    RW Data    ZI Data      Debug   Object Name

      1208        108          0          5          0       2279   app_control.o
       280         28          0          0          0       2306   app_motor.o
       150         10          0          0          0        934   bsp.o
       268         26          0          0          0       2205   bsp_battery.o
        56         10          0          0          0        484   bsp_beep.o
       144         22          0          4          0       1766   bsp_key.o
        52          8          0          0          0        492   bsp_led.o
       978         38          0          6        512       8978   bsp_oled.o
       610         76          0          0          0       5492   bsp_oled_i2c.o
       532         90          0         16          0       2546   bsp_timer.o
        76          8          0          0          0       1021   bsp_usart2.o
         0          0          0          0          0         32   core_cm3.o
       196         24          0          4          0       1671   delay.o
       416         38          0          0          0       4451   encoder.o
       192         28          0        132          0       3283   filter.o
       112          4          0          0          0        612   intsever.o
      5874        278        158         44          0      26354   inv_mpu.o
      3096        122       3062          0         16      20078   inv_mpu_dmp_motion_driver.o
      1254         92          0          0          0      10339   ioi2c.o
      1572         86        184         80         32       3876   kf.o
       164         70          0         45         20     265256   main.o
       172         22          0          0          0       1933   misc.o
       216         10          0          0          0       1222   motor.o
      1676        396          0         60          0      23711   mpu6050.o
         0          0      10260         24          0       1151   oled_fonts.o
       590        110          0         52          0       2957   pid_control.o
        36          8        304          0       1024        788   startup_stm32f10x_hd.o
       486         24          0          0          0       8246   stm32f10x_adc.o
       148          6          0          0          0        904   stm32f10x_exti.o
       360          4          0          0          0       3078   stm32f10x_gpio.o
        26          0          0          0          0       3622   stm32f10x_it.o
       364         50          0         20          0       5911   stm32f10x_rcc.o
      2424        264          0          0          0      18690   stm32f10x_tim.o
       472          6          0          0          0       6531   stm32f10x_usart.o
       328         28          0         20          0       2129   system_stm32f10x.o
       256         20          0          4          0       3919   usart.o

    ----------------------------------------------------------------------
     24824       2114      14008        524       1608     449247   Object Totals
         0          0         32          0          0          0   (incl. Generated)
        40          0          8          8          4          0   (incl. Padding)

    ----------------------------------------------------------------------

      Code (inc. data)   RO Data    RW Data    ZI Data      Debug   Library Member Name

       624         52         80          0          0        168   asin.o
       544         70        152          0          0        124   atan.o
       412         38          0          0          0        144   atan2.o
        38          6          0          0          0        272   dunder.o
        40          0          0          0          0         68   fpclassify.o
       170          0          0          0          0         96   poly.o
         0          0          8          0          0          0   qnan.o
        76          0          0          0          0         84   sqrt.o
        86          0          0          0          0          0   __dczerorl2.o
         0          0          0          0          0          0   entry.o
         0          0          0          0          0          0   entry10a.o
         0          0          0          0          0          0   entry11a.o
         4          0          0          0          0          0   entry12b.o
         8          4          0          0          0          0   entry2.o
         4          0          0          0          0          0   entry5.o
         0          0          0          0          0          0   entry7b.o
         0          0          0          0          0          0   entry8b.o
         8          4          0          0          0          0   entry9a.o
        12          6          0          4          0         68   errno.o
        30          0          0          0          0          0   handlers.o
        36          8          0          0          0         68   init.o
         0          0          0          0          0          0   iusefp.o
        98          0          0          0          0         84   ldiv.o
        30          0          0          0          0         68   llshl.o
        36          0          0          0          0         68   llsshr.o
        32          0          0          0          0         68   llushr.o
        26          0          0          0          0         80   memcmp.o
        36          0          0          0          0        108   memseta.o
      2268         96          0          0          0        616   printfa.o
        44          0          0          0          0         80   uidiv.o
        98          0          0          0          0         92   uldiv.o
        48          0          0          0          0         68   cdcmple.o
        48          0          0          0          0         68   cdrcmple.o
        20          0          0          0          0         68   cfcmple.o
        20          0          0          0          0         68   cfrcmple.o
        56          0          0          0          0         88   d2f.o
       334          0          0          0          0        148   dadd.o
       222          0          0          0          0        100   ddiv.o
       186          0          0          0          0        176   depilogue.o
        48          0          0          0          0         68   dfixul.o
       228          0          0          0          0         96   dmul.o
        46          0          0          0          0         80   dscalb.o
       162          0          0          0          0        100   dsqrt.o
        38          0          0          0          0         68   f2d.o
       176          0          0          0          0        140   fadd.o
       124          0          0          0          0         88   fdiv.o
       110          0          0          0          0        168   fepilogue.o
        50          0          0          0          0         68   ffixi.o
        40          0          0          0          0         68   ffixui.o
        18          0          0          0          0         68   fflti.o
        10          0          0          0          0         68   ffltui.o
       100          0          0          0          0         76   fmul.o

    ----------------------------------------------------------------------
      6848        284        240          4          0       4296   Library Totals
         4          0          0          0          0          0   (incl. Padding)

    ----------------------------------------------------------------------

      Code (inc. data)   RO Data    RW Data    ZI Data      Debug   Library Name

      1904        166        240          0          0        956   m_ws.l
      2856        118          0          4          0       1400   mc_w.l
      2084          0          0          0          0       1940   mf_w.l

    ----------------------------------------------------------------------
      6848        284        240          4          0       4296   Library Totals

    ----------------------------------------------------------------------

==============================================================================


      Code (inc. data)   RO Data    RW Data    ZI Data      Debug   

     31672       2398      14248        528       1608     440151   Grand Totals
     31672       2398      14248        120       1608     440151   ELF Image Totals (compressed)
     31672       2398      14248        120          0          0   ROM Totals

==============================================================================

    Total RO  Size (Code + RO Data)                45920 (  44.84kB)
    Total RW  Size (RW Data + ZI Data)              2136 (   2.09kB)
    Total ROM Size (Code + RO Data + RW Data)      46040 (  44.96kB)

==============================================================================

